a1 0.14285714285718
a2 0.28571428571427
a3 0.11111111111111
a4 3.142857142857143
a5 33.3333333333334
a6 333333.333333333
a7 3.14159265358979
a8 2.718281828459045
a9 9.999999999999989
a10 1
a11 1234.5678
a12 -0.3333333333333
a13 0.79999999999999
b1 100000000000000
b2 1000000000000000
b3 10000000000000000
b4 1E18
b5 1E19
b6 1E20
b7 1.5E20
b8 1.25E21
b9 1E22
b10 123456789012370000
b11 1E100
b12 -1E21
c1 0.000001
c2 0.0000001
c3 0.00000001
c4 0.000000001
c5 0.0000000001
c6 0.000000015
c7 0.000000000000001
c8 9.999999999999E-21
c9 -0.0000000001
d1 123456789.123458
d2 0.12345678901237
d3 1.2345678901237E19
d4 1234567890123600
d5 12345678901237000
d6 123456789012370
d7 0.33333333333333
d8 1.333333333333333
d9 3.333333333333333
d10 0.66666666666666
d11 1.666666666666667
d12 0.0001
d13 0.00001
