 AS V1.42 Beta [Bld 212] - Source File c13_z80_host_cpu_same.asm - Page 1 - 09/12/2026 12:42:52 AM


       1/       0 :                     ; shape c13_z80_host_cpu_same, written by gen.py
       2/       0 :                             cpu z80
       3/       0 :                             org 0
       4/       0 : 06 00                       dw L_next
       5/       2 : 0A 00                       dw L_after
       6/       4 : AA BB CC DD         Start:  db 0AAh,0BBh,0CCh,0DDh
       7/       5 :                             org Start+1
       8/       5 : EE                          db 0EEh
       9/       6 :                             cpu z80
      10/       6 : 12 34               L_next: db 12h,34h
      11/       8 : 08 00                       dw $
      12/       A :                             cpu z80
      13/       A : 56 78               L_after: db 56h,78h
      14/       C :                     
 AS V1.42 Beta [Bld 212] - Source File c13_z80_host_cpu_same.asm - Page 2 - 09/12/2026 12:42:52 AM


  Symbol Table (* = unused):
  --------------------------

*ARCHITECTURE :                                      "x86_64-unknown-linux" - |
*BIGENDIAN :                      0 - | *BRANCHEXT :                      0 - |
*CASESENSITIVE :                  1 - | *COMPMODE :                       0 - |
*CONSTPI :        3.141592653589793 - | *CUSTOM :                         0 - |
*DATE :                "09/12/2026" - | *FALSE :                          0 - |
*FULLPMMU :                       1 - | *HAS64 :                          1 - |
*HASDSP :                         0 - | *HASFPU :                         0 - |
*HASPMMU :                        0 - | *INEXTMODE :                      0 - |
*INLWORDMODE :                    0 - | *INMAXMODE :                      0 - |
*INSRCMODE :                      0 - | *INSUPMODE :                      0 - |
*LISTON :                         1 - |  L_after :                       0A C |
 L_next :                         6 C | *MACEXP :                         7 - |
*MOMCPU :                        80 - | *MOMCPUNAME :                 "Z80" - |
*NESTMAX :                      100 - | *PACKING :                        0 - |
*PADDING :                        1 - | *RELAXED :                        0 - |
 Start :                          4 C | *TIME :               "12:42:52 AM" - |
*TRUE :                           1 - | *VERSION :                     142F - |
*Z80SYNTAX :                      0 - |

     34 symbols
     31 unused symbols

 AS V1.42 Beta [Bld 212] - Source File c13_z80_host_cpu_same.asm - Page 3 - 09/12/2026 12:42:52 AM


  Code Pages:
  ----------

STANDARD (0 changed characters)

1 code page

0.00 seconds assembly time

     14 lines source file
      2 passes
      0 errors
      0 warnings
