s2-plain base: exit=1 sigil=5a5dae03308b46b0321969b674d8a332 rows=13 stdout=3 image=NONE
s2-plain c1: exit=1 sigil=cec46f181c272451f28a169d9012393b rows=2 stdout=3 image=NONE
--- s2-plain rows only in base (<) / only in c1 (>):
< s2.sounddriver.asm(1863):2: error: unresolved symbol `iyl` in operand
< s2.sounddriver.asm(1866):2: error: unresolved symbol `iyu` in operand
< s2.sounddriver.asm(1976):2: error: unresolved symbol `iyl` in operand
< s2.sounddriver.asm(1979):2: error: unresolved symbol `iyu` in operand
< s2.sounddriver.asm(2258):2: error: unresolved symbol `ixl` in operand
< s2.sounddriver.asm(2259):2: error: unresolved symbol `ixu` in operand
< s2.sounddriver.asm(3475):2: error: unresolved symbol `ixl` in operand
< s2.sounddriver.asm(3478):2: error: unresolved symbol `ixu` in operand
< s2.sounddriver.asm(3650):2: error: unresolved symbol `ixl` in operand
< s2.sounddriver.asm(3651):2: error: unresolved symbol `ixu` in operand
< s2.sounddriver.asm(3687):2: error: unresolved symbol `ixl` in operand
< s2.sounddriver.asm(3689):2: error: unresolved symbol `ixu` in operand
> s2.sounddriver.asm(248):6: error: section `sec0#2` [0x0, 0x1308) is assembled for the Z80 at origin 0x0, in a second address space this org opens outside the ROM image, and no -z instruction places it into the ROM
--- s2-plain stdout diff base vs c1:
< this error list may be incomplete: sigil stopped at the front end, so layout, link and the image checks did not run
< assembly failed: 13 errors (reported on stderr)
> this error list may be incomplete: sigil stopped at layout, so link and the image checks did not run
> assembly failed: 1 error (reported on stderr)
DIAG_END s2-plain
s2-instr base: exit=1 sigil=5a5dae03308b46b0321969b674d8a332 rows=13 stdout=3 image=NONE
s2-instr c1: exit=0 sigil=cec46f181c272451f28a169d9012393b rows=1 stdout=2 image=9feeb724052c39982d432a7851c98d3e size=1048576
--- s2-instr rows only in base (<) / only in c1 (>):
< s2.sounddriver.asm(1863):2: error: unresolved symbol `iyl` in operand
< s2.sounddriver.asm(1866):2: error: unresolved symbol `iyu` in operand
< s2.sounddriver.asm(1976):2: error: unresolved symbol `iyl` in operand
< s2.sounddriver.asm(1979):2: error: unresolved symbol `iyu` in operand
< s2.sounddriver.asm(2258):2: error: unresolved symbol `ixl` in operand
< s2.sounddriver.asm(2259):2: error: unresolved symbol `ixu` in operand
< s2.sounddriver.asm(3475):2: error: unresolved symbol `ixl` in operand
< s2.sounddriver.asm(3478):2: error: unresolved symbol `ixu` in operand
< s2.sounddriver.asm(3650):2: error: unresolved symbol `ixl` in operand
< s2.sounddriver.asm(3651):2: error: unresolved symbol `ixu` in operand
< s2.sounddriver.asm(3687):2: error: unresolved symbol `ixl` in operand
< s2.sounddriver.asm(3689):2: error: unresolved symbol `ixu` in operand
--- s2-instr stdout diff base vs c1:
< this error list may be incomplete: sigil stopped at the front end, so layout, link and the image checks did not run
< assembly failed: 13 errors (reported on stderr)
> built: 1048576 bytes, wrote /home/volence/sonic_hacks/.scratch/z80-half-registers/runs/diag-s2-instr-c1/image.bin
DIAG_END s2-instr
s1-plain base: exit=1 sigil=5a5dae03308b46b0321969b674d8a332 rows=1 stdout=3 image=NONE
s1-plain c1: exit=1 sigil=cec46f181c272451f28a169d9012393b rows=1 stdout=3 image=NONE
--- s1-plain rows only in base (<) / only in c1 (>):
    (row multisets identical)
--- s1-plain stdout diff base vs c1:
    (stdout identical)
DIAG_END s1-plain
s1-instr base: exit=0 sigil=5a5dae03308b46b0321969b674d8a332 rows=0 stdout=2 image=31b56ea47d5ce1b9a6c70dc15d2ec985 size=551288
s1-instr c1: exit=0 sigil=cec46f181c272451f28a169d9012393b rows=0 stdout=2 image=31b56ea47d5ce1b9a6c70dc15d2ec985 size=551288
--- s1-instr rows only in base (<) / only in c1 (>):
    (row multisets identical)
--- s1-instr stdout diff base vs c1:
< built: 551288 bytes, wrote /home/volence/sonic_hacks/.scratch/z80-half-registers/runs/diag-s1-instr-base/image.bin
> built: 551288 bytes, wrote /home/volence/sonic_hacks/.scratch/z80-half-registers/runs/diag-s1-instr-c1/image.bin
DIAG_END s1-instr
s3k-plain base: exit=1 sigil=5a5dae03308b46b0321969b674d8a332 rows=137 stdout=2 image=NONE
s3k-plain c1: exit=1 sigil=cec46f181c272451f28a169d9012393b rows=137 stdout=2 image=NONE
--- s3k-plain rows only in base (<) / only in c1 (>):
    (row multisets identical)
--- s3k-plain stdout diff base vs c1:
    (stdout identical)
DIAG_END s3k-plain
ALL_DIAG_END
