Reassembling song '81 - 2 Player Menu.asm'...
Reassembling song '82 - EHZ.asm'...
Reassembling song '83 - MCZ 2P.asm'...
Reassembling song '84 - OOZ.asm'...
Reassembling song '85 - MTZ.asm'...
Reassembling song '86 - HTZ.asm'...
Reassembling song '87 - ARZ.asm'...
Reassembling song '88 - CNZ 2P.asm'...
Reassembling song '89 - CNZ.asm'...
Reassembling song '8A - DEZ.asm'...
Reassembling song '8B - MCZ.asm'...
Reassembling song '8C - EHZ 2P.asm'...
Reassembling song '8D - SCZ.asm'...
Reassembling song '8E - CPZ.asm'...
Reassembling song '8F - WFZ.asm'...
Reassembling song '90 - HPZ.asm'...
Reassembling song '91 - Options.asm'...
Reassembling song '92 - Special Stage.asm'...
Reassembling song '93 - Boss.asm'...
Reassembling song '94 - Final Boss.asm'...
Reassembling song '95 - Ending.asm'...
Reassembling song '96 - Super Sonic.asm'...
Reassembling song '97 - Invincible.asm'...
Reassembling song '99 - Title Screen.asm'...
Reassembling song '9A - End of Act.asm'...
Reassembling song '9C - Continue.asm'...
Reassembling song '9F - Drowning.asm'...
Converting WAV file 'sound/PCM/SEGA.wav'...
Converting WAV file 'sound/DAC/Bongo.wav'...
Converting WAV file 'sound/DAC/Clap.wav'...
Converting WAV file 'sound/DAC/Kick.wav'...
Converting WAV file 'sound/DAC/Scratch.wav'...
Converting WAV file 'sound/DAC/Snare.wav'...
Converting WAV file 'sound/DAC/Timpani.wav'...
Converting WAV file 'sound/DAC/Tom.wav'...
ROM size is $100000 bytes (1024 KiB). About $661 bytes are padding. 
