 AS V1.42 Beta [Bld 212] - Source File d2_member_nodots.asm - Page 1 - 09/11/2026 05:08:16 PM


       1/       0 :                     	cpu 68000
       2/       0 :                     	padding off
       3/       0 :                     	org 0
       4/       0 :                     zV STRUCT
       5/       0 :                     	A:		ds.b 1
       6/       1 :                     	1upPlaying:	ds.b 1
       7/       2 :                     	B:		ds.b 1
       8/       0 : =$3                  zV ENDSTRUCT
       9/       0 : 01                  	dc.b zV_1upPlaying
      10/       1 : 02                  	dc.b zV_B
      11/       2 : 03                  	dc.b zV_len
      12/       3 : EE                  	dc.b $EE
      13/       4 :                     	end
 AS V1.42 Beta [Bld 212] - Source File d2_member_nodots.asm - Page 2 - 09/11/2026 05:08:16 PM


  Symbol Table (* = unused):
  --------------------------

*ARCHITECTURE :                                      "x86_64-unknown-linux" - |
*BIGENDIAN :                      0 - | *BRANCHEXT :                      0 - |
*CASESENSITIVE :                  1 - | *COMPMODE :                       0 - |
*CONSTPI :        3.141592653589793 - | *CUSTOM :                         0 - |
*DATE :                "09/11/2026" - | *FALSE :                          0 - |
*FULLPMMU :                       1 - | *HAS64 :                          1 - |
*HASDSP :                         0 - | *HASFPU :                         0 - |
*HASPMMU :                        0 - | *INEXTMODE :                      0 - |
*INLWORDMODE :                    0 - | *INMAXMODE :                      0 - |
*INSRCMODE :                      0 - | *INSUPMODE :                      0 - |
*LISTON :                         1 - | *MACEXP :                         7 - |
*MOMCPU :                     68000 - | *MOMCPUNAME :               "68000" - |
*NESTMAX :                      100 - | *PACKING :                        0 - |
*PADDING :                        0 - | *RELAXED :                        0 - |
*TIME :               "05:08:16 PM" - | *TRUE :                           1 - |
*VERSION :                     142F - | *Z80SYNTAX :                      0 - |
 zV_1upPlaying :                  1 - | *zV_A :                           0 - |
 zV_B :                           2 - |  zV_len :                         3 - |

     35 symbols
     32 unused symbols

 AS V1.42 Beta [Bld 212] - Source File d2_member_nodots.asm - Page 3 - 09/11/2026 05:08:16 PM


  Defined Structures/Unions:
  --------------------------

zV
  0      (I8) A
  1      (I8) 1upPlaying
  2      (I8) B
1 structure
 AS V1.42 Beta [Bld 212] - Source File d2_member_nodots.asm - Page 4 - 09/11/2026 05:08:16 PM


  Code Pages:
  ----------

STANDARD (0 changed characters)

1 code page

0.00 seconds assembly time

     14 lines source file
      1 pass
      0 errors
      0 warnings
