 AS V1.42 Beta [Bld 212] - Source File d2z_member.asm - Page 1 - 09/11/2026 05:08:16 PM


       1/       0 :                     	cpu z80
       2/       0 :                     	org 0
       3/       0 :                     zV STRUCT DOTS
> > > d2z_member.asm(4):6: error #1200: unknown instruction
> > > DS.B
> > >  A:  ds.b 1
> > >      ~~~~
       4/       0 :                     	A:		ds.b 1
> > > d2z_member.asm(5):14: error #1200: unknown instruction
> > > DS.B
> > >  1upPlaying: ds.b 1
> > >              ~~~~
       5/       0 :                     	1upPlaying:	ds.b 1
       6/       0 : =0H                  zV ENDSTRUCT
       7/       0 : 3A 00 00            	ld a,(zV.1upPlaying)
       8/       3 : DD 7E 00            	ld a,(ix+zV.1upPlaying)
       9/       6 : EE                  	db 0EEh
      10/       7 :                     	end
 AS V1.42 Beta [Bld 212] - Source File d2z_member.asm - Page 2 - 09/11/2026 05:08:16 PM


  Symbol Table (* = unused):
  --------------------------

*ARCHITECTURE :                                      "x86_64-unknown-linux" - |
*BIGENDIAN :                      0 - | *BRANCHEXT :                      0 - |
*CASESENSITIVE :                  1 - | *COMPMODE :                       0 - |
*CONSTPI :        3.141592653589793 - | *CUSTOM :                         0 - |
*DATE :                "09/11/2026" - | *FALSE :                          0 - |
*FULLPMMU :                       1 - | *HAS64 :                          1 - |
*HASDSP :                         0 - | *HASFPU :                         0 - |
*HASPMMU :                        0 - | *INEXTMODE :                      0 - |
*INLWORDMODE :                    0 - | *INMAXMODE :                      0 - |
*INSRCMODE :                      0 - | *INSUPMODE :                      0 - |
*LISTON :                         1 - | *MACEXP :                         7 - |
*MOMCPU :                        80 - | *MOMCPUNAME :                 "Z80" - |
*NESTMAX :                      100 - | *PACKING :                        0 - |
*PADDING :                        1 - | *RELAXED :                        0 - |
*TIME :               "05:08:16 PM" - | *TRUE :                           1 - |
*VERSION :                     142F - | *Z80SYNTAX :                      0 - |
 zV.1upPlaying :                  0 - | *zV.A :                           0 - |
*zV.len :                         0 - |

     34 symbols
     33 unused symbols

 AS V1.42 Beta [Bld 212] - Source File d2z_member.asm - Page 3 - 09/11/2026 05:08:16 PM


  Defined Structures/Unions:
  --------------------------

zV
  0          A
  0          1upPlaying
1 structure
 AS V1.42 Beta [Bld 212] - Source File d2z_member.asm - Page 4 - 09/11/2026 05:08:16 PM


  Code Pages:
  ----------

STANDARD (0 changed characters)

1 code page

0.00 seconds assembly time

     11 lines source file
      1 pass
      2 errors
      0 warnings
