 AS V1.42 Beta [Bld 212] - Source File d2z_member2.asm - Page 1 - 09/11/2026 05:08:16 PM


       1/       0 :                     	cpu 68000
       2/       0 :                     zV STRUCT DOTS
       3/       0 :                     	A:		ds.b 1
       4/       1 :                     	1upPlaying:	ds.b 1
       5/       0 : =$2                  zV ENDSTRUCT
       6/       0 :                     	cpu z80
       7/       0 :                     	org 0
       8/       0 : 3A 01 00            	ld a,(zV.1upPlaying)
       9/       3 : DD 7E 01            	ld a,(ix+zV.1upPlaying)
      10/       6 : EE                  	db 0EEh
      11/       7 :                     	end
 AS V1.42 Beta [Bld 212] - Source File d2z_member2.asm - Page 2 - 09/11/2026 05:08:16 PM


  Symbol Table (* = unused):
  --------------------------

*ARCHITECTURE :                                      "x86_64-unknown-linux" - |
*BIGENDIAN :                      0 - | *BRANCHEXT :                      0 - |
*CASESENSITIVE :                  1 - | *COMPMODE :                       0 - |
*CONSTPI :        3.141592653589793 - | *CUSTOM :                         0 - |
*DATE :                "09/11/2026" - | *FALSE :                          0 - |
*FULLPMMU :                       1 - | *HAS64 :                          1 - |
*HASDSP :                         0 - | *HASFPU :                         0 - |
*HASPMMU :                        0 - | *INEXTMODE :                      0 - |
*INLWORDMODE :                    0 - | *INMAXMODE :                      0 - |
*INSRCMODE :                      0 - | *INSUPMODE :                      0 - |
*LISTON :                         1 - | *MACEXP :                         7 - |
*MOMCPU :                        80 - | *MOMCPUNAME :                 "Z80" - |
*NESTMAX :                      100 - | *PACKING :                        0 - |
*PADDING :                        1 - | *RELAXED :                        0 - |
*TIME :               "05:08:16 PM" - | *TRUE :                           1 - |
*VERSION :                     142F - | *Z80SYNTAX :                      0 - |
 zV.1upPlaying :                  1 - | *zV.A :                           0 - |
*zV.len :                         2 - |

     34 symbols
     33 unused symbols

 AS V1.42 Beta [Bld 212] - Source File d2z_member2.asm - Page 3 - 09/11/2026 05:08:16 PM


  Defined Structures/Unions:
  --------------------------

zV
  0      (I8) A
  1      (I8) 1upPlaying
1 structure
 AS V1.42 Beta [Bld 212] - Source File d2z_member2.asm - Page 4 - 09/11/2026 05:08:16 PM


  Code Pages:
  ----------

STANDARD (0 changed characters)

1 code page

0.00 seconds assembly time

     12 lines source file
      1 pass
      0 errors
      0 warnings
