 AS V1.42 Beta [Bld 212] - Source File l6_cnop_big.asm - Page 1 - 09/11/2026 05:08:17 PM


       1/       0 :                     	cpu 68000
       2/       0 :                     	padding off
       3/       0 :                     	org 0
       4/       0 :                     org	macro address
       5/       0 :                     	if address < *
       6/       0 :                     	error "too much"
       7/       0 :                     	elseif address > *
       8/       0 :                     	!org address
       9/       0 :                     	endif
      10/       0 :                     	endm
      11/       0 :                     cnop	macro offset,alignment
      12/       0 :                     	org (*-1+(alignment)-((*-1+(-(offset)))#(alignment)))
      13/       0 :                     	endm
      14/       0 :                     Start:
      15/       0 :                     	ds.b $123
      16/     123 : (MACRO)              	cnop -1,2<<lastbit(*-Start-1)
      16/     123 :  (MACRO-2)                   org (*-1+(2<<lastbit(*-Start-1))-((*-1+(-(-1)))#(2<<lastbit(*-Start-1))))
      16/     123 : =>FALSE                      if (*-1+(2<<lastbit(*-Start-1))-((*-1+(-(-1)))#(2<<lastbit(*-Start-1)))) < *
      16/     123 :                             error "too much"
      16/     123 : =>TRUE                       elseif (*-1+(2<<lastbit(*-Start-1))-((*-1+(-(-1)))#(2<<lastbit(*-Start-1)))) > *
      16/     1FF :                             !org (*-1+(2<<lastbit(*-Start-1))-((*-1+(-(-1)))#(2<<lastbit(*-Start-1))))
      16/     1FF : [16]                         endif
      17/     1FF : 00                  	dc.b $00
      18/     200 :                     EndR:
      19/     200 : 0000 0200           	dc.l EndR
      20/     204 : EE                  	dc.b $EE
      21/     205 :                     	end
 AS V1.42 Beta [Bld 212] - Source File l6_cnop_big.asm - Page 2 - 09/11/2026 05:08:17 PM


  Symbol Table (* = unused):
  --------------------------

*ARCHITECTURE :                                      "x86_64-unknown-linux" - |
*BIGENDIAN :                      0 - | *BRANCHEXT :                      0 - |
*CASESENSITIVE :                  1 - | *COMPMODE :                       0 - |
*CONSTPI :        3.141592653589793 - | *CUSTOM :                         0 - |
*DATE :                "09/11/2026" - |  EndR :                         200 C |
*FALSE :                          0 - | *FULLPMMU :                       1 - |
*HAS64 :                          1 - | *HASDSP :                         0 - |
*HASFPU :                         0 - | *HASPMMU :                        0 - |
*INEXTMODE :                      0 - | *INLWORDMODE :                    0 - |
*INMAXMODE :                      0 - | *INSRCMODE :                      0 - |
*INSUPMODE :                      0 - | *LISTON :                         1 - |
*MACEXP :                         7 - | *MOMCPU :                     68000 - |
*MOMCPUNAME :               "68000" - | *NESTMAX :                      100 - |
*PACKING :                        0 - | *PADDING :                        0 - |
*RELAXED :                        0 - |  Start :                          0 C |
*TIME :               "05:08:17 PM" - | *TRUE :                           1 - |
*VERSION :                     142F - | *Z80SYNTAX :                      0 - |

     33 symbols
     31 unused symbols

 AS V1.42 Beta [Bld 212] - Source File l6_cnop_big.asm - Page 3 - 09/11/2026 05:08:17 PM


  Defined Macros:
  ---------------

cnop                                  | org                                  

      2 macros

 AS V1.42 Beta [Bld 212] - Source File l6_cnop_big.asm - Page 4 - 09/11/2026 05:08:17 PM


  Code Pages:
  ----------

STANDARD (0 changed characters)

1 code page

0.00 seconds assembly time

     22 lines source file
     28 lines incl. macro expansions
      1 pass
      0 errors
      0 warnings
