 AS V1.42 Beta [Bld 212] - Source File m5_label_compose_col0.asm - Page 1 - 09/11/2026 05:08:17 PM


       1/       0 :                     	cpu 68000
       2/       0 :                     	padding off
       3/       0 :                     	org 0
       4/       0 :                     lbl	macro n
       5/       0 :                     Lab_n:	dc.b 1
       6/       0 :                     	endm
       7/       0 : (MACRO)              	lbl 2p
       7/       0 : 01                  Lab_2p:  dc.b 1
> > > m5_label_compose_col0.asm(8):7: error #1010: symbol undefined
> > > Lab_2p
> > >  dc.l Lab_2p
> > >       ~~~~~~
       8/       1 :                     	dc.l Lab_2p
       9/       1 : EE                  	dc.b $EE
      10/       2 :                     	end
 AS V1.42 Beta [Bld 212] - Source File m5_label_compose_col0.asm - Page 2 - 09/11/2026 05:08:17 PM


  Symbol Table (* = unused):
  --------------------------

*ARCHITECTURE :                                      "x86_64-unknown-linux" - |
*BIGENDIAN :                      0 - | *BRANCHEXT :                      0 - |
*CASESENSITIVE :                  1 - | *COMPMODE :                       0 - |
*CONSTPI :        3.141592653589793 - | *CUSTOM :                         0 - |
*DATE :                "09/11/2026" - | *FALSE :                          0 - |
*FULLPMMU :                       1 - | *HAS64 :                          1 - |
*HASDSP :                         0 - | *HASFPU :                         0 - |
*HASPMMU :                        0 - | *INEXTMODE :                      0 - |
*INLWORDMODE :                    0 - | *INMAXMODE :                      0 - |
*INSRCMODE :                      0 - | *INSUPMODE :                      0 - |
*LISTON :                         1 - | *MACEXP :                         7 - |
*MOMCPU :                     68000 - | *MOMCPUNAME :               "68000" - |
*NESTMAX :                      100 - | *PACKING :                        0 - |
*PADDING :                        0 - | *RELAXED :                        0 - |
*TIME :               "05:08:17 PM" - | *TRUE :                           1 - |
*VERSION :                     142F - | *Z80SYNTAX :                      0 - |

     31 symbols
     31 unused symbols

 AS V1.42 Beta [Bld 212] - Source File m5_label_compose_col0.asm - Page 3 - 09/11/2026 05:08:17 PM


  Defined Macros:
  ---------------

lbl                                   |

      1 macro

 AS V1.42 Beta [Bld 212] - Source File m5_label_compose_col0.asm - Page 4 - 09/11/2026 05:08:17 PM


  Code Pages:
  ----------

STANDARD (0 changed characters)

1 code page

0.00 seconds assembly time

     11 lines source file
     12 lines incl. macro expansions
      2 passes
      1 error
      0 warnings
