> > > m5k_eq_in_str.asm(8) m(1):35: error #1020: invalid symbol name
> > > 5"]"
> > >         message "("pb=5")()()["pb=5"]"
> > >                                   ~~~~
> > > m5k_eq_in_str.asm(8) m(1):23: error #1020: invalid symbol name
> > > 5")()()["pb
> > >         message "("pb=5")()()["pb=5"]"
> > >                       ~~~~~~~~~~~
> > > m5k_eq_in_str.asm(8) m(1):17: error #1020: invalid symbol name
> > > "("pb
> > >         message "("pb=5")()()["pb=5"]"
> > >                 ~~~~~
> > > m5k_eq_in_str.asm(8) m(1): error #1970: invalid string
> > >         message "("pb=5")()()["pb=5"]"
ASL_EXIT=2
ASL_DIAG=complete
REFUSED: asl exited 2, so this run FAILED.
  NO BYTE COLUMN FROM THIS RUN IS A SOURCE OF VALUES, including the
  lines that assembled: an error stops the pass loop, so every forward
  reference is left at its unresolved pass-1 placeholder and the
  listing prints them looking complete. See partial_failure.asm
  beside asl_ref.sh, where one bad line leaves 6702 reading 67FE.
  Fix the source, do not quote the listing.
