 AS V1.42 Beta [Bld 212] - Source File m5z_hex.asm - Page 1 - 09/11/2026 05:08:17 PM


       1/       0 :                     	cpu z80
       2/       0 :                     	org 0
       3/       0 :                     pal	macro path
       4/       0 :                     	db "path"
       5/       0 :                     	endm
       6/       0 : (MACRO)              	pal 0101b 1Fh 0FFh
       6/       0 : 30 31 30 31 62 20           db "0101b 1Fh 0FFh"
                6 : 31 46 68 20 30 46 
                C : 46 68             
       7/       E : EE                  	db 0EEh
       8/       F :                     	end
 AS V1.42 Beta [Bld 212] - Source File m5z_hex.asm - Page 2 - 09/11/2026 05:08:17 PM


  Symbol Table (* = unused):
  --------------------------

*ARCHITECTURE :                                      "x86_64-unknown-linux" - |
*BIGENDIAN :                      0 - | *BRANCHEXT :                      0 - |
*CASESENSITIVE :                  1 - | *COMPMODE :                       0 - |
*CONSTPI :        3.141592653589793 - | *CUSTOM :                         0 - |
*DATE :                "09/11/2026" - | *FALSE :                          0 - |
*FULLPMMU :                       1 - | *HAS64 :                          1 - |
*HASDSP :                         0 - | *HASFPU :                         0 - |
*HASPMMU :                        0 - | *INEXTMODE :                      0 - |
*INLWORDMODE :                    0 - | *INMAXMODE :                      0 - |
*INSRCMODE :                      0 - | *INSUPMODE :                      0 - |
*LISTON :                         1 - | *MACEXP :                         7 - |
*MOMCPU :                        80 - | *MOMCPUNAME :                 "Z80" - |
*NESTMAX :                      100 - | *PACKING :                        0 - |
*PADDING :                        1 - | *RELAXED :                        0 - |
*TIME :               "05:08:17 PM" - | *TRUE :                           1 - |
*VERSION :                     142F - | *Z80SYNTAX :                      0 - |

     31 symbols
     31 unused symbols

 AS V1.42 Beta [Bld 212] - Source File m5z_hex.asm - Page 3 - 09/11/2026 05:08:17 PM


  Defined Macros:
  ---------------

pal                                   |

      1 macro

 AS V1.42 Beta [Bld 212] - Source File m5z_hex.asm - Page 4 - 09/11/2026 05:08:17 PM


  Code Pages:
  ----------

STANDARD (0 changed characters)

1 code page

0.00 seconds assembly time

      9 lines source file
     10 lines incl. macro expansions
      1 pass
      0 errors
      0 warnings
