 AS V1.42 Beta [Bld 212] - Source File p4_in_macro.asm - Page 1 - 09/11/2026 05:08:17 PM


       1/       0 :                     	cpu 68000
       2/       0 :                     	padding off
       3/       0 :                     	org 0
       4/       0 :                     sv macro
       5/       0 :                     	pushv ,Ver
       6/       0 :                     Ver := 9
       7/       0 :                     	dc.b Ver
       8/       0 :                     	popv ,Ver
       9/       0 :                     	endm
      10/       0 : =$3                  Ver := 3
      11/       0 : (MACRO)              	sv
      11/       0 :                             pushv ,Ver
      11/       0 : =$9                  Ver := 9
      11/       0 : 09                          dc.b Ver
      11/       1 :                             popv ,Ver
      12/       1 : 03                  	dc.b Ver
      13/       2 : EE                  	dc.b $EE
      14/       3 :                     	end
 AS V1.42 Beta [Bld 212] - Source File p4_in_macro.asm - Page 2 - 09/11/2026 05:08:17 PM


  Symbol Table (* = unused):
  --------------------------

*ARCHITECTURE :                                      "x86_64-unknown-linux" - |
*BIGENDIAN :                      0 - | *BRANCHEXT :                      0 - |
*CASESENSITIVE :                  1 - | *COMPMODE :                       0 - |
*CONSTPI :        3.141592653589793 - | *CUSTOM :                         0 - |
*DATE :                "09/11/2026" - | *FALSE :                          0 - |
*FULLPMMU :                       1 - | *HAS64 :                          1 - |
*HASDSP :                         0 - | *HASFPU :                         0 - |
*HASPMMU :                        0 - | *INEXTMODE :                      0 - |
*INLWORDMODE :                    0 - | *INMAXMODE :                      0 - |
*INSRCMODE :                      0 - | *INSUPMODE :                      0 - |
*LISTON :                         1 - | *MACEXP :                         7 - |
*MOMCPU :                     68000 - | *MOMCPUNAME :               "68000" - |
*NESTMAX :                      100 - | *PACKING :                        0 - |
*PADDING :                        0 - | *RELAXED :                        0 - |
*TIME :               "05:08:17 PM" - | *TRUE :                           1 - |
*VERSION :                     142F - |  Ver :                            3 - |
*Z80SYNTAX :                      0 - |

     32 symbols
     31 unused symbols

 AS V1.42 Beta [Bld 212] - Source File p4_in_macro.asm - Page 3 - 09/11/2026 05:08:17 PM


  Defined Macros:
  ---------------

sv                                    |

      1 macro

 AS V1.42 Beta [Bld 212] - Source File p4_in_macro.asm - Page 4 - 09/11/2026 05:08:17 PM


  Code Pages:
  ----------

STANDARD (0 changed characters)

1 code page

0.00 seconds assembly time

     15 lines source file
     19 lines incl. macro expansions
      1 pass
      0 errors
      0 warnings
