 AS V1.42 Beta [Bld 212] - Source File p4_multi_split.asm - Page 1 - 09/11/2026 05:08:17 PM


       1/       0 :                     	cpu 68000
       2/       0 :                     	padding off
       3/       0 :                     	org 0
       4/       0 : =$1                  A := 1
       5/       0 : =$2                  B := 2
       6/       0 :                     	pushv ,A,B
       7/       0 : =$3                  A := 3
       8/       0 : =$4                  B := 4
       9/       0 :                     	popv ,A
      10/       0 : 0204                	dc.b A,B
      11/       2 :                     	popv ,A
      12/       2 : 0104                	dc.b A,B
      13/       4 : EE                  	dc.b $EE
      14/       5 :                     	end
 AS V1.42 Beta [Bld 212] - Source File p4_multi_split.asm - Page 2 - 09/11/2026 05:08:17 PM


  Symbol Table (* = unused):
  --------------------------

 A :                              1 - |
*ARCHITECTURE :                                      "x86_64-unknown-linux" - |
 B :                              4 - | *BIGENDIAN :                      0 - |
*BRANCHEXT :                      0 - | *CASESENSITIVE :                  1 - |
*COMPMODE :                       0 - | *CONSTPI :        3.141592653589793 - |
*CUSTOM :                         0 - | *DATE :                "09/11/2026" - |
*FALSE :                          0 - | *FULLPMMU :                       1 - |
*HAS64 :                          1 - | *HASDSP :                         0 - |
*HASFPU :                         0 - | *HASPMMU :                        0 - |
*INEXTMODE :                      0 - | *INLWORDMODE :                    0 - |
*INMAXMODE :                      0 - | *INSRCMODE :                      0 - |
*INSUPMODE :                      0 - | *LISTON :                         1 - |
*MACEXP :                         7 - | *MOMCPU :                     68000 - |
*MOMCPUNAME :               "68000" - | *NESTMAX :                      100 - |
*PACKING :                        0 - | *PADDING :                        0 - |
*RELAXED :                        0 - | *TIME :               "05:08:17 PM" - |
*TRUE :                           1 - | *VERSION :                     142F - |
*Z80SYNTAX :                      0 - |

     33 symbols
     31 unused symbols

 AS V1.42 Beta [Bld 212] - Source File p4_multi_split.asm - Page 3 - 09/11/2026 05:08:17 PM


  Code Pages:
  ----------

STANDARD (0 changed characters)

1 code page

0.00 seconds assembly time

     15 lines source file
      1 pass
      0 errors
      0 warnings
