 AS V1.42 Beta [Bld 212] - Source File p4_pop_empty.asm - Page 1 - 09/11/2026 05:08:17 PM


       1/       0 :                     	cpu 68000
       2/       0 :                     	padding off
       3/       0 :                     	org 0
       4/       0 : =$1                  A := 1
> > > p4_pop_empty.asm(5):7: error #1530: stack is empty or undefined
> > > 
> > >  popv ,A
> > >       
       5/       0 :                     	popv ,A
       6/       0 : 01                  	dc.b A
       7/       1 : EE                  	dc.b $EE
       8/       2 :                     	end
 AS V1.42 Beta [Bld 212] - Source File p4_pop_empty.asm - Page 2 - 09/11/2026 05:08:17 PM


  Symbol Table (* = unused):
  --------------------------

 A :                              1 - |
*ARCHITECTURE :                                      "x86_64-unknown-linux" - |
*BIGENDIAN :                      0 - | *BRANCHEXT :                      0 - |
*CASESENSITIVE :                  1 - | *COMPMODE :                       0 - |
*CONSTPI :        3.141592653589793 - | *CUSTOM :                         0 - |
*DATE :                "09/11/2026" - | *FALSE :                          0 - |
*FULLPMMU :                       1 - | *HAS64 :                          1 - |
*HASDSP :                         0 - | *HASFPU :                         0 - |
*HASPMMU :                        0 - | *INEXTMODE :                      0 - |
*INLWORDMODE :                    0 - | *INMAXMODE :                      0 - |
*INSRCMODE :                      0 - | *INSUPMODE :                      0 - |
*LISTON :                         1 - | *MACEXP :                         7 - |
*MOMCPU :                     68000 - | *MOMCPUNAME :               "68000" - |
*NESTMAX :                      100 - | *PACKING :                        0 - |
*PADDING :                        0 - | *RELAXED :                        0 - |
*TIME :               "05:08:17 PM" - | *TRUE :                           1 - |
*VERSION :                     142F - | *Z80SYNTAX :                      0 - |

     32 symbols
     31 unused symbols

 AS V1.42 Beta [Bld 212] - Source File p4_pop_empty.asm - Page 3 - 09/11/2026 05:08:17 PM


  Code Pages:
  ----------

STANDARD (0 changed characters)

1 code page

0.00 seconds assembly time

      9 lines source file
      1 pass
      1 error
      0 warnings
