 AS V1.42 Beta [Bld 212] - Source File p4_push_label_pop_var.asm - Page 1 - 09/11/2026 05:08:17 PM


       1/       0 :                     	cpu 68000
       2/       0 :                     	padding off
       3/       0 :                     	org 0
       4/       0 : 00                  	dc.b 0
       5/       1 : 01                  Lbl:	dc.b 1
       6/       2 : =$7                  A := 7
       7/       2 :                     	pushv ,Lbl
       8/       2 :                     	popv ,A
       9/       2 : 01                  	dc.b A
      10/       3 : EE                  	dc.b $EE
      11/       4 :                     	end
 AS V1.42 Beta [Bld 212] - Source File p4_push_label_pop_var.asm - Page 2 - 09/11/2026 05:08:17 PM


  Symbol Table (* = unused):
  --------------------------

 A :                              1 C |
*ARCHITECTURE :                                      "x86_64-unknown-linux" - |
*BIGENDIAN :                      0 - | *BRANCHEXT :                      0 - |
*CASESENSITIVE :                  1 - | *COMPMODE :                       0 - |
*CONSTPI :        3.141592653589793 - | *CUSTOM :                         0 - |
*DATE :                "09/11/2026" - | *FALSE :                          0 - |
*FULLPMMU :                       1 - | *HAS64 :                          1 - |
*HASDSP :                         0 - | *HASFPU :                         0 - |
*HASPMMU :                        0 - | *INEXTMODE :                      0 - |
*INLWORDMODE :                    0 - | *INMAXMODE :                      0 - |
*INSRCMODE :                      0 - | *INSUPMODE :                      0 - |
*LISTON :                         1 - | *Lbl :                            1 C |
*MACEXP :                         7 - | *MOMCPU :                     68000 - |
*MOMCPUNAME :               "68000" - | *NESTMAX :                      100 - |
*PACKING :                        0 - | *PADDING :                        0 - |
*RELAXED :                        0 - | *TIME :               "05:08:17 PM" - |
*TRUE :                           1 - | *VERSION :                     142F - |
*Z80SYNTAX :                      0 - |

     33 symbols
     32 unused symbols

 AS V1.42 Beta [Bld 212] - Source File p4_push_label_pop_var.asm - Page 3 - 09/11/2026 05:08:17 PM


  Code Pages:
  ----------

STANDARD (0 changed characters)

1 code page

0.00 seconds assembly time

     12 lines source file
      1 pass
      0 errors
      0 warnings
