 AS V1.42 Beta [Bld 212] - Source File p4_undef.asm - Page 1 - 09/11/2026 05:08:18 PM


       1/       0 :                     	cpu 68000
       2/       0 :                     	padding off
       3/       0 :                     	org 0
> > > p4_undef.asm(4):9: error #1010: symbol undefined
> > > Nope
> > >  pushv ,Nope
> > >         ~~~~
       4/       0 :                     	pushv ,Nope
> > > p4_undef.asm(5):8: error #1010: symbol undefined
> > > Nope
> > >  popv ,Nope
> > >        ~~~~
       5/       0 :                     	popv ,Nope
       6/       0 : EE                  	dc.b $EE
       7/       1 :                     	end
 AS V1.42 Beta [Bld 212] - Source File p4_undef.asm - Page 2 - 09/11/2026 05:08:18 PM


  Symbol Table (* = unused):
  --------------------------

*ARCHITECTURE :                                      "x86_64-unknown-linux" - |
*BIGENDIAN :                      0 - | *BRANCHEXT :                      0 - |
*CASESENSITIVE :                  1 - | *COMPMODE :                       0 - |
*CONSTPI :        3.141592653589793 - | *CUSTOM :                         0 - |
*DATE :                "09/11/2026" - | *FALSE :                          0 - |
*FULLPMMU :                       1 - | *HAS64 :                          1 - |
*HASDSP :                         0 - | *HASFPU :                         0 - |
*HASPMMU :                        0 - | *INEXTMODE :                      0 - |
*INLWORDMODE :                    0 - | *INMAXMODE :                      0 - |
*INSRCMODE :                      0 - | *INSUPMODE :                      0 - |
*LISTON :                         1 - | *MACEXP :                         7 - |
*MOMCPU :                     68000 - | *MOMCPUNAME :               "68000" - |
*NESTMAX :                      100 - | *PACKING :                        0 - |
*PADDING :                        0 - | *RELAXED :                        0 - |
*TIME :               "05:08:18 PM" - | *TRUE :                           1 - |
*VERSION :                     142F - | *Z80SYNTAX :                      0 - |

     31 symbols
     31 unused symbols

 AS V1.42 Beta [Bld 212] - Source File p4_undef.asm - Page 3 - 09/11/2026 05:08:18 PM


  Code Pages:
  ----------

STANDARD (0 changed characters)

1 code page

0.00 seconds assembly time

      8 lines source file
      1 pass
      2 errors
      0 warnings
