 AS V1.42 Beta [Bld 212] - Source File s3_reg_imm_w.asm - Page 1 - 09/11/2026 05:08:18 PM


       1/       0 :                     	cpu 68000
       2/       0 :                     	padding off
       3/       0 :                     	org 0
       4/       0 : E340                	asl.w	#1,d0
       5/       2 : E441                	asr.w	#2,d1
       6/       4 : E74A                	lsl.w	#3,d2
       7/       6 : E84B                	lsr.w	#4,d3
       8/       8 : EB5C                	rol.w	#5,d4
       9/       A : EC5D                	ror.w	#6,d5
      10/       C : EF56                	roxl.w	#7,d6
      11/       E : E057                	roxr.w	#8,d7
      12/      10 : EE                  	dc.b $EE
      13/      11 :                     	end
 AS V1.42 Beta [Bld 212] - Source File s3_reg_imm_w.asm - Page 2 - 09/11/2026 05:08:18 PM


  Symbol Table (* = unused):
  --------------------------

*ARCHITECTURE :                                      "x86_64-unknown-linux" - |
*BIGENDIAN :                      0 - | *BRANCHEXT :                      0 - |
*CASESENSITIVE :                  1 - | *COMPMODE :                       0 - |
*CONSTPI :        3.141592653589793 - | *CUSTOM :                         0 - |
*DATE :                "09/11/2026" - | *FALSE :                          0 - |
*FULLPMMU :                       1 - | *HAS64 :                          1 - |
*HASDSP :                         0 - | *HASFPU :                         0 - |
*HASPMMU :                        0 - | *INEXTMODE :                      0 - |
*INLWORDMODE :                    0 - | *INMAXMODE :                      0 - |
*INSRCMODE :                      0 - | *INSUPMODE :                      0 - |
*LISTON :                         1 - | *MACEXP :                         7 - |
*MOMCPU :                     68000 - | *MOMCPUNAME :               "68000" - |
*NESTMAX :                      100 - | *PACKING :                        0 - |
*PADDING :                        0 - | *RELAXED :                        0 - |
*TIME :               "05:08:18 PM" - | *TRUE :                           1 - |
*VERSION :                     142F - | *Z80SYNTAX :                      0 - |

     31 symbols
     31 unused symbols

 AS V1.42 Beta [Bld 212] - Source File s3_reg_imm_w.asm - Page 3 - 09/11/2026 05:08:18 PM


  Code Pages:
  ----------

STANDARD (0 changed characters)

1 code page

0.00 seconds assembly time

     14 lines source file
      1 pass
      0 errors
      0 warnings
