 AS V1.42 Beta [Bld 212] - Source File s7z.asm - Page 1 - 09/11/2026 05:08:18 PM


       1/       0 :                     	cpu z80
       2/       0 :                     	org 0
       3/       0 : 01                  A:	db 1
> > > s7z.asm(4): warning #30: no sharefile created, SHARED ignored
> > >  shared A
       4/       1 :                     	shared A
       5/       1 : EE                  	db 0EEh
       6/       2 :                     	end
 AS V1.42 Beta [Bld 212] - Source File s7z.asm - Page 2 - 09/11/2026 05:08:18 PM


  Symbol Table (* = unused):
  --------------------------

*A :                              0 C |
*ARCHITECTURE :                                      "x86_64-unknown-linux" - |
*BIGENDIAN :                      0 - | *BRANCHEXT :                      0 - |
*CASESENSITIVE :                  1 - | *COMPMODE :                       0 - |
*CONSTPI :        3.141592653589793 - | *CUSTOM :                         0 - |
*DATE :                "09/11/2026" - | *FALSE :                          0 - |
*FULLPMMU :                       1 - | *HAS64 :                          1 - |
*HASDSP :                         0 - | *HASFPU :                         0 - |
*HASPMMU :                        0 - | *INEXTMODE :                      0 - |
*INLWORDMODE :                    0 - | *INMAXMODE :                      0 - |
*INSRCMODE :                      0 - | *INSUPMODE :                      0 - |
*LISTON :                         1 - | *MACEXP :                         7 - |
*MOMCPU :                        80 - | *MOMCPUNAME :                 "Z80" - |
*NESTMAX :                      100 - | *PACKING :                        0 - |
*PADDING :                        1 - | *RELAXED :                        0 - |
*TIME :               "05:08:18 PM" - | *TRUE :                           1 - |
*VERSION :                     142F - | *Z80SYNTAX :                      0 - |

     32 symbols
     32 unused symbols

 AS V1.42 Beta [Bld 212] - Source File s7z.asm - Page 3 - 09/11/2026 05:08:18 PM


  Code Pages:
  ----------

STANDARD (0 changed characters)

1 code page

0.00 seconds assembly time

      7 lines source file
      1 pass
      0 errors
      1 warning
