 AS V1.42 Beta [Bld 212] - Source File probe.asm - Page 1 - 09/05/2026 03:57:21 AM


       1/       0 :                     	cpu	68000
       2/       0 :                     	padding	off
       3/       0 :                     	org	0
       4/       0 : =$1                  Ae	equ	1
> > > probe.asm(5): error #1000: symbol double defined
> > > Ae
> > > Ae equ 2
       5/       0 : =$2                  Ae	equ	2
       6/       0 : 1123                	dc.b	$11,$23
       7/       2 :                     	end
 AS V1.42 Beta [Bld 212] - Source File probe.asm - Page 2 - 09/05/2026 03:57:21 AM


  Symbol Table (* = unused):
  --------------------------

*ARCHITECTURE :                                      "x86_64-unknown-linux" - |
*Ae :                             1 - | *BIGENDIAN :                      0 - |
*BRANCHEXT :                      0 - | *CASESENSITIVE :                  1 - |
*COMPMODE :                       0 - | *CONSTPI :        3.141592653589793 - |
*CUSTOM :                         0 - | *DATE :                "09/05/2026" - |
*FALSE :                          0 - | *FULLPMMU :                       1 - |
*HAS64 :                          1 - | *HASDSP :                         0 - |
*HASFPU :                         0 - | *HASPMMU :                        0 - |
*INEXTMODE :                      0 - | *INLWORDMODE :                    0 - |
*INMAXMODE :                      0 - | *INSRCMODE :                      0 - |
*INSUPMODE :                      0 - | *LISTON :                         1 - |
*MACEXP :                         7 - | *MOMCPU :                     68000 - |
*MOMCPUNAME :               "68000" - | *NESTMAX :                      100 - |
*PACKING :                        0 - | *PADDING :                        0 - |
*RELAXED :                        0 - | *TIME :               "03:57:21 AM" - |
*TRUE :                           1 - | *VERSION :                     142F - |
*Z80SYNTAX :                      0 - |

     32 symbols
     32 unused symbols

 AS V1.42 Beta [Bld 212] - Source File probe.asm - Page 3 - 09/05/2026 03:57:21 AM


  Code Pages:
  ----------

STANDARD (0 changed characters)

1 code page

0.00 seconds assembly time

      8 lines source file
      1 pass
      1 error
      0 warnings
