 AS V1.42 Beta [Bld 212] - Source File p16.asm - Page 1 - 09/16/2026 09:32:16 AM


       1/       0 :                     	cpu	68000
       2/       0 :                     	org	0
       3/       0 : 0001 0002           Tbl:	dc.w	1,2
       4/       4 : 323A FFFA           	move.w	(Tbl,PC),d1
       5/       8 : 323B 00F6           	move.w	(Tbl,PC,D0.W),d1
       6/       C : 44C6                	move	D6,CCR
> > > p16.asm(7):2: warning #50: privileged instruction
> > > MOVE
> > >  move #$2700,SR
> > >  ~~~~
       7/       E : 46FC 2700           	move	#$2700,SR
> > > p16.asm(8):2: warning #50: privileged instruction
> > > MOVE
> > >  move A6,USP
> > >  ~~~~
       8/      12 : 4E66                	move	A6,USP
       9/      14 :                     	end
 AS V1.42 Beta [Bld 212] - Source File p16.asm - Page 2 - 09/16/2026 09:32:16 AM


  Symbol Table (* = unused):
  --------------------------

*ARCHITECTURE :                                      "x86_64-unknown-linux" - |
*BIGENDIAN :                      0 - | *BRANCHEXT :                      0 - |
*CASESENSITIVE :                  1 - | *COMPMODE :                       0 - |
*CONSTPI :        3.141592653589793 - | *CUSTOM :                         0 - |
*DATE :                "09/16/2026" - | *FALSE :                          0 - |
*FULLPMMU :                       1 - | *HAS64 :                          1 - |
*HASDSP :                         0 - | *HASFPU :                         0 - |
*HASPMMU :                        0 - | *INEXTMODE :                      0 - |
*INLWORDMODE :                    0 - | *INMAXMODE :                      0 - |
*INSRCMODE :                      0 - | *INSUPMODE :                      0 - |
*LISTON :                         1 - | *MACEXP :                         7 - |
*MOMCPU :                     68000 - | *MOMCPUNAME :               "68000" - |
*NESTMAX :                      100 - | *PACKING :                        0 - |
*PADDING :                        1 - | *RELAXED :                        0 - |
*TIME :               "09:32:16 AM" - | *TRUE :                           1 - |
 Tbl :                            0 C | *VERSION :                     142F - |
*Z80SYNTAX :                      0 - |

     32 symbols
     31 unused symbols

 AS V1.42 Beta [Bld 212] - Source File p16.asm - Page 3 - 09/16/2026 09:32:16 AM


  Code Pages:
  ----------

STANDARD (0 changed characters)

1 code page

0.00 seconds assembly time

     10 lines source file
      1 pass
      0 errors
      2 warnings
