 AS V1.42 Beta [Bld 212] - Source File p6b.asm - Page 1 - 09/16/2026 09:23:04 AM


       1/       0 :                     	cpu	z80
       2/     100 :                     	org	0100h
       3/     100 : =1234H               HL:	equ	01234h
       4/     100 : =5678H               A0:	equ	05678h
       5/     100 : 7E                  	ld	a,(HL)
       6/     101 : 7E                  	ld	a,(hl)
       7/     102 : 7E                  	ld	A,(HL)
       8/     103 : 3A 78 56            	ld	a,(A0)
       9/     106 : 41                  	ld	B,C
      10/     107 : DD 7E 03            	ld	a,(IX+3)
      11/     10A :                     	end
 AS V1.42 Beta [Bld 212] - Source File p6b.asm - Page 2 - 09/16/2026 09:23:04 AM


  Symbol Table (* = unused):
  --------------------------

 A0 :                          5678 - |
*ARCHITECTURE :                                      "x86_64-unknown-linux" - |
*BIGENDIAN :                      0 - | *BRANCHEXT :                      0 - |
*CASESENSITIVE :                  1 - | *COMPMODE :                       0 - |
*CONSTPI :        3.141592653589793 - | *CUSTOM :                         0 - |
*DATE :                "09/16/2026" - | *FALSE :                          0 - |
*FULLPMMU :                       1 - | *HAS64 :                          1 - |
*HASDSP :                         0 - | *HASFPU :                         0 - |
*HASPMMU :                        0 - | *HL :                          1234 - |
*INEXTMODE :                      0 - | *INLWORDMODE :                    0 - |
*INMAXMODE :                      0 - | *INSRCMODE :                      0 - |
*INSUPMODE :                      0 - | *LISTON :                         1 - |
*MACEXP :                         7 - | *MOMCPU :                        80 - |
*MOMCPUNAME :                 "Z80" - | *NESTMAX :                      100 - |
*PACKING :                        0 - | *PADDING :                        1 - |
*RELAXED :                        0 - | *TIME :               "09:23:04 AM" - |
*TRUE :                           1 - | *VERSION :                     142F - |
*Z80SYNTAX :                      0 - |

     33 symbols
     32 unused symbols

 AS V1.42 Beta [Bld 212] - Source File p6b.asm - Page 3 - 09/16/2026 09:23:04 AM


  Code Pages:
  ----------

STANDARD (0 changed characters)

1 code page

0.00 seconds assembly time

     12 lines source file
      1 pass
      0 errors
      0 warnings
