p2bin /home/volence/sonic_hacks/s1disasm/build_tools/Linux-x86_64/p2bin 4f2fff99c3347bafb93b12d5be1db754
== p_after records: [('0x1', '0x0', 8), ('0x51', '0x0', 10), ('0x1', '0x18', 2)]
== p_big records: [('0x1', '0x0', 8), ('0x51', '0x0', 20), ('0x1', '0x18', 2)]
== p_gap records: [('0x1', '0x0', 8), ('0x51', '0x0', 10), ('0x1', '0x30', 2)]
== p_before records: [('0x1', '0x0', 24), ('0x51', '0x0', 10), ('0x1', '0x18', 2)]
== p_two records: [('0x1', '0x0', 24), ('0x51', '0x0', 10), ('0x1', '0x18', 12), ('0x51', '0x1300', 6), ('0x1', '0x24', 2)]
== p_seg records: [('0x1', '0x0', 8), ('0x51', '0x0', 3), ('0x51', '0x8', 2), ('0x1', '0x18', 2)]
== p_segback records: [('0x1', '0x0', 8), ('0x51', '0x0', 8), ('0x51', '0x2', 2), ('0x1', '0x18', 2)]
== p_phase_after records: [('0x1', '0x0', 8), ('0x51', '0x0', 10), ('0x51', '0x18', 2), ('0x1', '0x1a', 2)]
== p_hex records: [('0x1', '0x0', 8), ('0x51', '0x10', 10), ('0x1', '0x18', 2)]

# placement, uncompressed
after -p=FF                                  rc=0 out=01 02 03 04 05 06 07 08 10 11 12 13 14 15 16 17 18 19 ff ff ff ff ff ff aa bb
after -p=0                                   rc=0 out=01 02 03 04 05 06 07 08 10 11 12 13 14 15 16 17 18 19 00 00 00 00 00 00 aa bb
after, no -p                                 rc=0 out=01 02 03 04 05 06 07 08 10 11 12 13 14 15 16 17 18 19 00 00 00 00 00 00 aa bb
no -z, -p=FF                                 rc=0 out=10 11 12 13 14 15 16 17 18 19 ff ff ff ff ff ff ff ff ff ff ff ff ff ff aa bb
constant Small (=4)                          rc=0 out=01 02 03 04 05 06 07 08 10 11 12 13 14 15 16 17 18 19 ff ff ff ff ff ff aa bb
constant Nope (undefined)                    rc=0 out=01 02 03 04 05 06 07 08 10 11 12 13 14 15 16 17 18 19 ff ff ff ff ff ff aa bb
overflow 20 > 16, after                      rc=1 out=None
      | Error: Space reserved for the compressed Z80 segments is too small. Set 'Guess' to at least $14.
overflow 20 > 16, before                     rc=1 out=None
      | Error: Space reserved for the compressed Z80 segments is too small. Set 'Guess' to at least $14.
gapped predecessor, after                    rc=0 out=01 02 03 04 05 06 07 08 10 11 12 13 14 15 16 17 18 19 ff ff ff ff ff ff ff ff ff ff ff ff ff ff ff ff ff ff ff ff ff ff ff ff ff ff ff ff ff ff aa bb
gapped predecessor, before                   rc=1 out=None
      | Error: Space reserved for the compressed Z80 segments is too small. Set 'Guess' to at least $A.
before                                       rc=0 out=10 11 12 13 14 15 16 17 18 19 ee ee ee ee ee ee ee ee ee ee ee ee ee ee aa bb
before shape, after                          rc=1 out=None
      | Error: Space reserved for the compressed Z80 segments is too small. Set 'Guess' to at least $A.
after shape, before                          rc=1 out=None
      | Error: Space reserved for the compressed Z80 segments is too small. Set 'Guess' to at least $A.
two -z before                                rc=0 out=10 11 12 13 14 15 16 17 18 19 ee ee ee ee ee ee ee ee ee ee ee ee ee ee 20 21 22 23 24 25 dd dd dd dd dd dd aa bb
two -z reversed order                        rc=0 out=10 11 12 13 14 15 16 17 18 19 ee ee ee ee ee ee ee ee ee ee ee ee ee ee 20 21 22 23 24 25 dd dd dd dd dd dd aa bb
two blobs, only the first -z                 rc=0 out=10 11 12 13 14 15 16 17 18 19 ee ee ee ee ee ee ee ee ee ee ee ee ee ee dd dd dd dd dd dd dd dd dd dd dd dd aa bb ff ff ff ff ff ff ff ff ff ff ff ff ff ff ff ff ff ff ff ff ff ff ff ff ff ff ff ff ff ff ff ff ff ff ff ff ff ff ff ff ff ff ff ff ff ff ff ff ff ff ff ff ff ff ff ff ff ff ff ff ff ff ff ff ff ff ff ff ff ff ff ff ff ff ff ff ff ff ff ff ff ff ff ff ff ff ff ff ff ff ff ff ff ff ff ff ff ff ff ff ff ff ff ff ff ff ff ff ff ff ff ff ff ff ff ff ff ff ff ff ff ff ff ff ff ff ff ff ff ff ff ff ff ff ff ff ff ff ff ff ff ff ff ff ff ff ff ff ff ff ff ff ff ff ff ff ff ff ff ff ff ff ff ff ff ff ff ff ff ff ff ff ff ff ff ff ff ff ff ff ff ff ff ff ff ff ff ff ff ff ff ff ff ff ff ff ff ff ff ff ff ff ff ff ff ff ff ff ff ff ff ff ff ff ff ff ff ff ff ff ff ff ff ff ff ff ff ff ff ff ff ff ff ff ff ff ff ff ff ff ff ff ff ff ff ff ff ff ff ff ff ff ff ff ff ff ff ff ff ff ff ff ff ff ff ff ff ff ff ff ff ff ff ff ff ff ff ff ff ff ff ff ff ff ff ff ff ff ff ff ff ff ff ff ff ff ff ff ff ff ff ff ff ff ff ff ff ff ff ff ff ff ff ff ff ff ff ff ff ff ff ff ff ff ff ff ff ff ff ff ff ff ff ff ff ff ff ff ff ff ff ff ff ff ff ff ff ff ff ff ff ff ff ff ff ff ff ff ff ff ff ff ff ff ff ff ff ff ff ff ff ff ff ff ff ff ff ff ff ff ff ff ff ff ff ff ff ff ff ff ff ff ff ff ff ff ff ff ff ff ff ff ff ff ff ff ff ff ff ff ff ff ff ff ff ff ff ff ff ff ff ff ff ff ff ff ff ff ff ff ff ff ff ff ff ff ff ff ff ff ff ff ff ff ff ff ff ff ff ff ff ff ff ff ff ff ff ff ff ff ff ff ff ff ff ff ff ff ff ff ff ff ff ff ff ff ff ff ff ff ff ff ff ff ff ff ff ff ff ff ff ff ff ff ff ff ff ff ff ff ff ff ff ff ff ff ff ff ff ff ff ff ff ff ff ff ff ff ff ff ff ff ff ff ff ff ff ff ff ff ff ff ff ff ff ff ff ff ff ff ff ff ff ff ff ff ff ff ff ff ff ff ff ff ff ff ff ff ff ff ff ff ff ff ff ff ff ff ff ff ff ff ff ff ff ff ff ff ff ff ff ff ff ff ff ff ff ff ff ff ff ff ff ff ff ff ff ff ff ff ff ff ff ff ff ff ff ff ff ff ff ff ff ff ff ff ff ff ff ff ff ff ff ff ff ff ff ff ff ff ff ff ff ff ff ff ff ff ff ff ff ff ff ff ff ff ff ff ff ff ff ff ff ff ff ff ff ff ff ff ff ff ff ff ff ff ff ff ff ff ff ff ff ff ff ff ff ff ff ff ff ff ff ff ff ff ff ff ff ff ff ff ff ff ff ff ff ff ff ff ff ff ff ff ff ff ff ff ff ff ff ff ff ff ff ff ff ff ff ff ff ff ff ff ff ff ff ff ff ff ff ff ff ff ff ff ff ff ff ff ff ff ff ff ff ff ff ff ff ff ff ff ff ff ff ff ff ff ff ff ff ff ff ff ff ff ff ff ff ff ff ff ff ff ff ff ff ff ff ff ff ff ff ff ff ff ff ff ff ff ff ff ff ff ff ff ff ff ff ff ff ff ff ff ff ff ff ff ff ff ff ff ff ff ff ff ff ff ff ff ff ff ff ff ff ff ff ff ff ff ff ff ff ff ff ff ff ff ff ff ff ff ff ff ff ff ff ff ff ff ff ff ff ff ff ff ff ff ff ff ff ff ff ff ff ff ff ff ff ff ff ff ff ff ff ff ff ff ff ff ff ff ff ff ff ff ff ff ff ff ff ff ff ff ff ff ff ff ff ff ff ff ff ff ff ff ff ff ff ff ff ff ff ff ff ff ff ff ff ff ff ff ff ff ff ff ff ff ff ff ff ff ff ff ff ff ff ff ff ff ff ff ff ff ff ff ff ff ff ff ff ff ff ff ff ff ff ff ff ff ff ff ff ff ff ff ff ff ff ff ff ff ff ff ff ff ff ff ff ff ff ff ff ff ff ff ff ff ff ff ff ff ff ff ff ff ff ff ff ff ff ff ff ff ff ff ff ff ff ff ff ff ff ff ff ff ff ff ff ff ff ff ff ff ff ff ff ff ff ff ff ff ff ff ff ff ff ff ff ff ff ff ff ff ff ff ff ff ff ff ff ff ff ff ff ff ff ff ff ff ff ff ff ff ff ff ff ff ff ff ff ff ff ff ff ff ff ff ff ff ff ff ff ff ff ff ff ff ff ff ff ff ff ff ff ff ff ff ff ff ff ff ff ff ff ff ff ff ff ff ff ff ff ff ff ff ff ff ff ff ff ff ff ff ff ff ff ff ff ff ff ff ff ff ff ff ff ff ff ff ff ff ff ff ff ff ff ff ff ff ff ff ff ff ff ff ff ff ff ff ff ff ff ff ff ff ff ff ff ff ff ff ff ff ff ff ff ff ff ff ff ff ff ff ff ff ff ff ff ff ff ff ff ff ff ff ff ff ff ff ff ff ff ff ff ff ff ff ff ff ff ff ff ff ff ff ff ff ff ff ff ff ff ff ff ff ff ff ff ff ff ff ff ff ff ff ff ff ff ff ff ff ff ff ff ff ff ff ff ff ff ff ff ff ff ff ff ff ff ff ff ff ff ff ff ff ff ff ff ff ff ff ff ff ff ff ff ff ff ff ff ff ff ff ff ff ff ff ff ff ff ff ff ff ff ff ff ff ff ff ff ff ff ff ff ff ff ff ff ff ff ff ff ff ff ff ff ff ff ff ff ff ff ff ff ff ff ff ff ff ff ff ff ff ff ff ff ff ff ff ff ff ff ff ff ff ff ff ff ff ff ff ff ff ff ff ff ff ff ff ff ff ff ff ff ff ff ff ff ff ff ff ff ff ff ff ff ff ff ff ff ff ff ff ff ff ff ff ff ff ff ff ff ff ff ff ff ff ff ff ff ff ff ff ff ff ff ff ff ff ff ff ff ff ff ff ff ff ff ff ff ff ff ff ff ff ff ff ff ff ff ff ff ff ff ff ff ff ff ff ff ff ff ff ff ff ff ff ff ff ff ff ff ff ff ff ff ff ff ff ff ff ff ff ff ff ff ff ff ff ff ff ff ff ff ff ff ff ff ff ff ff ff ff ff ff ff ff ff ff ff ff ff ff ff ff ff ff ff ff ff ff ff ff ff ff ff ff ff ff ff ff ff ff ff ff ff ff ff ff ff ff ff ff ff ff ff ff ff ff ff ff ff ff ff ff ff ff ff ff ff ff ff ff ff ff ff ff ff ff ff ff ff ff ff ff ff ff ff ff ff ff ff ff ff ff ff ff ff ff ff ff ff ff ff ff ff ff ff ff ff ff ff ff ff ff ff ff ff ff ff ff ff ff ff ff ff ff ff ff ff ff ff ff ff ff ff ff ff ff ff ff ff ff ff ff ff ff ff ff ff ff ff ff ff ff ff ff ff ff ff ff ff ff ff ff ff ff ff ff ff ff ff ff ff ff ff ff ff ff ff ff ff ff ff ff ff ff ff ff ff ff ff ff ff ff ff ff ff ff ff ff ff ff ff ff ff ff ff ff ff ff ff ff ff ff ff ff ff ff ff ff ff ff ff ff ff ff ff ff ff ff ff ff ff ff ff ff ff ff ff ff ff ff ff ff ff ff ff ff ff ff ff ff ff ff ff ff ff ff ff ff ff ff ff ff ff ff ff ff ff ff ff ff ff ff ff ff ff ff ff ff ff ff ff ff ff ff ff ff ff ff ff ff ff ff ff ff ff ff ff ff ff ff ff ff ff ff ff ff ff ff ff ff ff ff ff ff ff ff ff ff ff ff ff ff ff ff ff ff ff ff ff ff ff ff ff ff ff ff ff ff ff ff ff ff ff ff ff ff ff ff ff ff ff ff ff ff ff ff ff ff ff ff ff ff ff ff ff ff ff ff ff ff ff ff ff ff ff ff ff ff ff ff ff ff ff ff ff ff ff ff ff ff ff ff ff ff ff ff ff ff ff ff ff ff ff ff ff ff ff ff ff ff ff ff ff ff ff ff ff ff ff ff ff ff ff ff ff ff ff ff ff ff ff ff ff ff ff ff ff ff ff ff ff ff ff ff ff ff ff ff ff ff ff ff ff ff ff ff ff ff ff ff ff ff ff ff ff ff ff ff ff ff ff ff ff ff ff ff ff ff ff ff ff ff ff ff ff ff ff ff ff ff ff ff ff ff ff ff ff ff ff ff ff ff ff ff ff ff ff ff ff ff ff ff ff ff ff ff ff ff ff ff ff ff ff ff ff ff ff ff ff ff ff ff ff ff ff ff ff ff ff ff ff ff ff ff ff ff ff ff ff ff ff ff ff ff ff ff ff ff ff ff ff ff ff ff ff ff ff ff ff ff ff ff ff ff ff ff ff ff ff ff ff ff ff ff ff ff ff ff ff ff ff ff ff ff ff ff ff ff ff ff ff ff ff ff ff ff ff ff ff ff ff ff ff ff ff ff ff ff ff ff ff ff ff ff ff ff ff ff ff ff ff ff ff ff ff ff ff ff ff ff ff ff ff ff ff ff ff ff ff ff ff ff ff ff ff ff ff ff ff ff ff ff ff ff ff ff ff ff ff ff ff ff ff ff ff ff ff ff ff ff ff ff ff ff ff ff ff ff ff ff ff ff ff ff ff ff ff ff ff ff ff ff ff ff ff ff ff ff ff ff ff ff ff ff ff ff ff ff ff ff ff ff ff ff ff ff ff ff ff ff ff ff ff ff ff ff ff ff ff ff ff ff ff ff ff ff ff ff ff ff ff ff ff ff ff ff ff ff ff ff ff ff ff ff ff ff ff ff ff ff ff ff ff ff ff ff ff ff ff ff ff ff ff ff ff ff ff ff ff ff ff ff ff ff ff ff ff ff ff ff ff ff ff ff ff ff ff ff ff ff ff ff ff ff ff ff ff ff ff ff ff ff ff ff ff ff ff ff ff ff ff ff ff ff ff ff ff ff ff ff ff ff ff ff ff ff ff ff ff ff ff ff ff ff ff ff ff ff ff ff ff ff ff ff ff ff ff ff ff ff ff ff ff ff ff ff ff ff ff ff ff ff ff ff ff ff ff ff ff ff ff ff ff ff ff ff ff ff ff ff ff ff ff ff ff ff ff ff ff ff ff ff ff ff ff ff ff ff ff ff ff ff ff ff ff ff ff ff ff ff ff ff ff ff ff ff ff ff ff ff ff ff ff ff ff ff ff ff ff ff ff ff ff ff ff ff ff ff ff ff ff ff ff ff ff ff ff ff ff ff ff ff ff ff ff ff ff ff ff ff ff ff ff ff ff ff ff ff ff ff ff ff ff ff ff ff ff ff ff ff ff ff ff ff ff ff ff ff ff ff ff ff ff ff ff ff ff ff ff ff ff ff ff ff ff ff ff ff ff ff ff ff ff ff ff ff ff ff ff ff ff ff ff ff ff ff ff ff ff ff ff ff ff ff ff ff ff ff ff ff ff ff ff ff ff ff ff ff ff ff ff ff ff ff ff ff ff ff ff ff ff ff ff ff ff ff ff ff ff ff ff ff ff ff ff ff ff ff ff ff ff ff ff ff ff ff ff ff ff ff ff ff ff ff ff ff ff ff ff ff ff ff ff ff ff ff ff ff ff ff ff ff ff ff ff ff ff ff ff ff ff ff ff ff ff ff ff ff ff ff ff ff ff ff ff ff ff ff ff ff ff ff ff ff ff ff ff ff ff ff ff ff ff ff ff ff ff ff ff ff ff ff ff ff ff ff ff ff ff ff ff ff ff ff ff ff ff ff ff ff ff ff ff ff ff ff ff ff ff ff ff ff ff ff ff ff ff ff ff ff ff ff ff ff ff ff ff ff ff ff ff ff ff ff ff ff ff ff ff ff ff ff ff ff ff ff ff ff ff ff ff ff ff ff ff ff ff ff ff ff ff ff ff ff ff ff ff ff ff ff ff ff ff ff ff ff ff ff ff ff ff ff ff ff ff ff ff ff ff ff ff ff ff ff ff ff ff ff ff ff ff ff ff ff ff ff ff ff ff ff ff ff ff ff ff ff ff ff ff ff ff ff ff ff ff ff ff ff ff ff ff ff ff ff ff ff ff ff ff ff ff ff ff ff ff ff ff ff ff ff ff ff ff ff ff ff ff ff ff ff ff ff ff ff ff ff ff ff ff ff ff ff ff ff ff ff ff ff ff ff ff ff ff ff ff ff ff ff ff ff ff ff ff ff ff ff ff ff ff ff ff ff ff ff ff ff ff ff ff ff ff ff ff ff ff ff ff ff ff ff ff ff ff ff ff ff ff ff ff ff ff ff ff ff ff ff ff ff ff ff ff ff ff ff ff ff ff ff ff ff ff ff ff ff ff ff ff ff ff ff ff ff ff ff ff ff ff ff ff ff ff ff ff ff ff ff ff ff ff ff ff ff ff ff ff ff ff ff ff ff ff ff ff ff ff ff ff ff ff ff ff ff ff ff ff ff ff ff ff ff ff ff ff ff ff ff ff ff ff ff ff ff ff ff ff ff ff ff ff ff ff ff ff ff ff ff ff ff ff ff ff ff ff ff ff ff ff ff ff ff ff ff ff ff ff ff ff ff ff ff ff ff ff ff ff ff ff ff ff ff ff ff ff ff ff ff ff ff ff ff ff ff ff ff ff ff ff ff ff ff ff ff ff ff ff ff ff ff ff ff ff ff ff ff ff ff ff ff ff ff ff ff ff ff ff ff ff ff ff ff ff ff ff ff ff ff ff ff ff ff ff ff ff ff ff ff ff ff ff ff ff ff ff ff ff ff ff ff ff ff ff ff ff ff ff ff ff ff ff ff ff ff ff ff ff ff ff ff ff ff ff ff ff ff ff ff ff ff ff ff ff ff ff ff ff ff ff ff ff ff ff ff ff ff ff ff ff ff ff ff ff ff ff ff ff ff ff ff ff ff ff ff ff ff ff ff ff ff ff ff ff ff ff ff ff ff ff ff ff ff ff ff ff ff ff ff ff ff ff ff ff ff ff ff ff ff ff ff ff ff ff ff ff ff ff ff ff ff ff ff ff ff ff ff ff ff ff ff ff ff ff ff ff ff ff ff ff ff ff ff ff ff ff ff ff ff ff ff ff ff ff ff ff ff ff ff ff ff ff ff ff ff ff ff ff ff ff ff ff ff ff ff ff ff ff ff ff ff ff ff ff ff ff ff ff ff ff ff ff ff ff ff ff ff ff ff ff ff ff ff ff ff ff ff ff ff ff ff ff ff ff ff ff ff ff ff ff ff ff ff ff ff ff ff ff ff ff ff ff ff ff ff ff ff ff ff ff ff ff ff ff ff ff ff ff ff ff ff ff ff ff ff ff ff ff ff ff ff ff ff ff ff ff ff ff ff ff ff ff ff ff ff ff ff ff ff ff ff ff ff ff ff ff ff ff ff ff ff ff ff ff ff ff ff ff ff ff ff ff ff ff ff ff ff ff ff ff ff ff ff ff ff ff ff ff ff ff ff ff ff ff ff ff ff ff ff ff ff ff ff ff ff ff ff ff ff ff ff ff ff ff ff ff ff ff ff ff ff ff ff ff ff ff ff ff ff ff ff ff ff ff ff ff ff ff ff ff ff ff ff ff ff ff ff ff ff ff ff ff ff ff ff ff ff ff ff ff ff ff ff ff ff ff ff ff ff ff ff ff ff ff ff ff ff ff ff ff ff ff ff ff ff ff ff ff ff ff ff ff ff ff ff ff ff ff ff ff ff ff ff ff ff ff ff ff ff ff ff ff ff ff ff ff ff ff ff ff ff ff ff ff ff ff ff ff ff ff ff ff ff ff ff ff ff ff ff ff ff ff ff ff ff ff ff ff ff ff ff ff ff ff ff ff ff ff ff ff ff ff ff ff ff ff ff ff ff ff ff ff ff ff ff ff ff ff ff ff ff ff ff ff ff ff ff ff ff ff ff ff ff ff ff ff ff ff ff ff ff ff ff ff ff ff ff ff ff ff ff ff ff ff ff ff ff ff ff ff ff ff ff ff ff ff ff ff ff ff ff ff ff ff ff ff ff ff ff ff ff ff ff ff ff ff ff ff ff ff ff ff ff ff ff ff ff ff ff ff ff ff ff ff ff ff ff ff ff ff ff ff ff ff ff ff ff ff ff ff ff ff ff ff ff ff ff ff ff ff ff ff ff ff ff ff ff ff ff ff ff ff ff ff ff ff ff ff ff ff ff ff ff ff ff ff ff ff ff ff ff ff ff ff ff ff ff ff ff ff ff ff ff ff ff ff ff ff ff ff ff ff ff ff ff ff ff ff ff ff ff ff ff ff ff ff ff ff ff ff ff ff ff ff ff ff ff ff ff ff ff ff ff ff ff ff ff ff ff ff ff ff ff ff ff ff ff ff ff ff ff ff ff ff ff ff ff ff ff ff ff ff ff ff ff ff ff ff ff ff ff ff ff ff ff ff ff ff ff ff ff ff ff ff ff ff ff ff ff ff ff ff ff ff ff ff ff ff ff ff ff ff ff ff ff ff ff ff ff ff ff ff ff ff ff ff ff ff ff ff ff ff ff ff ff ff ff ff ff ff ff ff ff ff ff ff ff ff ff ff ff ff ff ff ff ff ff ff ff ff ff ff ff ff ff ff ff ff ff ff ff ff ff ff ff ff ff ff ff ff ff ff ff ff ff ff ff ff ff ff ff ff ff ff ff ff ff ff ff ff ff ff ff ff ff ff ff ff ff ff ff ff ff ff ff ff ff ff ff ff ff ff ff ff ff ff ff ff ff ff ff ff ff ff ff ff ff ff ff ff ff ff ff ff ff ff ff ff ff ff ff ff ff ff ff ff ff ff ff ff ff ff ff ff ff ff ff ff ff ff ff ff ff ff ff ff ff ff ff ff ff ff ff ff ff ff ff ff ff ff ff ff ff ff ff ff ff ff ff ff ff ff ff ff ff ff ff ff ff ff ff ff ff ff ff ff ff ff ff ff ff ff ff ff ff ff ff ff ff ff ff ff ff ff ff ff ff ff ff ff ff ff ff ff ff ff ff ff ff ff ff ff ff ff ff ff ff ff ff ff ff ff ff ff ff ff ff ff ff ff ff ff ff ff ff ff ff ff ff ff ff ff ff ff ff ff ff ff ff ff ff ff ff ff ff ff ff ff ff ff ff ff ff ff ff ff ff ff ff ff ff ff ff ff ff ff ff ff ff ff ff ff ff ff ff ff ff ff ff ff ff ff ff ff ff ff ff ff ff ff ff ff ff ff ff ff ff ff ff ff ff ff ff ff ff ff ff ff ff ff ff ff ff ff ff ff ff ff ff ff ff ff ff ff ff ff ff ff ff ff ff ff ff ff ff ff ff ff ff ff ff ff ff ff ff ff ff ff ff ff ff ff ff ff ff ff ff ff ff ff ff ff ff ff ff ff ff ff ff ff ff ff ff ff ff ff ff ff ff ff ff ff ff ff ff ff ff ff ff ff ff ff ff ff ff ff ff ff ff ff ff ff ff ff ff ff ff ff ff ff ff ff ff ff ff ff ff ff ff ff ff ff ff ff ff ff ff ff ff ff ff ff ff ff ff ff ff ff ff ff ff ff ff ff ff ff ff ff ff ff ff ff ff ff ff ff ff ff ff ff ff ff ff ff ff ff ff ff ff ff ff ff ff ff ff ff ff ff ff ff ff ff ff ff ff ff ff ff ff ff ff ff ff ff ff ff ff ff ff ff ff ff ff ff ff ff ff ff ff ff ff ff ff ff ff ff ff ff ff ff ff ff ff ff ff ff ff ff ff ff ff ff ff ff ff ff ff ff ff ff ff ff ff ff ff ff ff ff ff ff ff ff ff ff ff ff ff ff ff ff ff ff ff ff ff ff ff ff ff ff ff ff ff ff ff ff ff ff ff ff ff ff ff ff ff ff ff ff ff ff ff ff ff ff ff ff ff ff ff ff ff ff ff ff ff ff ff ff ff ff ff ff ff ff ff ff ff ff ff ff ff ff ff ff ff ff ff ff ff ff ff ff ff ff ff ff ff ff ff ff ff ff ff ff ff ff ff ff ff ff ff ff ff ff ff ff ff ff ff ff ff ff ff ff ff ff ff ff ff ff ff ff ff ff ff ff ff ff ff ff ff ff ff ff ff ff ff ff ff ff ff ff ff ff ff ff ff ff ff ff ff ff ff ff ff ff ff ff ff ff ff ff ff ff ff ff ff ff ff ff ff ff ff ff ff ff ff ff ff ff ff ff ff ff ff ff ff ff ff ff ff ff ff ff ff ff ff ff ff ff ff ff ff ff ff ff ff ff ff ff ff ff ff ff ff ff ff ff ff ff ff ff ff ff ff ff ff ff ff ff ff ff ff ff ff ff ff ff ff ff ff ff ff ff ff ff ff ff ff ff ff ff ff ff ff ff ff ff ff ff ff ff ff ff ff ff ff ff ff ff ff ff ff ff ff ff ff ff ff ff ff ff ff ff ff ff ff ff ff ff ff ff ff ff ff ff ff ff ff ff ff ff ff ff ff ff ff ff ff ff ff ff ff ff ff ff ff ff ff ff ff ff ff ff ff ff ff ff ff ff ff ff ff ff ff ff ff ff ff ff ff ff ff ff ff ff ff ff ff ff ff ff ff ff ff 20 21 22 23 24 25
two blobs, only the second -z                rc=0 out=10 11 12 13 14 15 16 17 18 19 ee ee ee ee ee ee ee ee ee ee ee ee ee ee 20 21 22 23 24 25 dd dd dd dd dd dd aa bb
segmented driver (gap)                       rc=1 out=None
      | Error: Space reserved for the compressed Z80 segments is too small. Set 'Guess' to at least $3.
segmented driver (gap) -p=0                  rc=1 out=None
      | Error: Space reserved for the compressed Z80 segments is too small. Set 'Guess' to at least $3.
backward org inside driver                   rc=1 out=None
      | Error: Space reserved for the compressed Z80 segments is too small. Set 'Guess' to at least $8.
phased z80 block after driver                rc=0 out=01 02 03 04 05 06 07 08 10 11 12 13 14 15 16 17 18 19 ff ff ff ff ff ff 30 31 aa bb
driver at 10h, -z=10                         rc=0 out=01 02 03 04 05 06 07 08 10 11 12 13 14 15 16 17 18 19 ff ff ff ff ff ff aa bb
driver at 10h, -z=16                         rc=0 out=01 02 03 04 05 06 07 08 ff ff ff ff ff ff ff ff 10 11 12 13 14 15 16 17 aa bb
driver at 10h, -z=0x10                       rc=0 out=01 02 03 04 05 06 07 08 10 11 12 13 14 15 16 17 18 19 ff ff ff ff ff ff aa bb
-z address matches nothing                   rc=0 out=10 11 12 13 14 15 16 17 18 19 ff ff ff ff ff ff ff ff ff ff ff ff ff ff aa bb

# -p grammar
-p=FF                                        rc=0 out=01 02 03 04 05 06 07 08 10 11 12 13 14 15 16 17 18 19 ff ff ff ff ff ff aa bb
-p=ff                                        rc=0 out=01 02 03 04 05 06 07 08 10 11 12 13 14 15 16 17 18 19 ff ff ff ff ff ff aa bb
-p=0xFF                                      rc=0 out=01 02 03 04 05 06 07 08 10 11 12 13 14 15 16 17 18 19 ff ff ff ff ff ff aa bb
-p=0XFF                                      rc=0 out=01 02 03 04 05 06 07 08 10 11 12 13 14 15 16 17 18 19 ff ff ff ff ff ff aa bb
-p=$FF                                       rc=0 out=01 02 03 04 05 06 07 08 10 11 12 13 14 15 16 17 18 19 00 00 00 00 00 00 aa bb
      | Error: Could not parse '-p' argument's padding value.
-p=                                          rc=0 out=01 02 03 04 05 06 07 08 10 11 12 13 14 15 16 17 18 19 00 00 00 00 00 00 aa bb
-p=-1                                        rc=0 out=01 02 03 04 05 06 07 08 10 11 12 13 14 15 16 17 18 19 ff ff ff ff ff ff aa bb
      | Error: '-p' argument's padding value is too high (must be 0xFF or lower).
-p=100                                       rc=0 out=01 02 03 04 05 06 07 08 10 11 12 13 14 15 16 17 18 19 00 00 00 00 00 00 aa bb
      | Error: '-p' argument's padding value is too high (must be 0xFF or lower).
-p=FFx                                       rc=0 out=01 02 03 04 05 06 07 08 10 11 12 13 14 15 16 17 18 19 ff ff ff ff ff ff aa bb
-p=1FF                                       rc=0 out=01 02 03 04 05 06 07 08 10 11 12 13 14 15 16 17 18 19 ff ff ff ff ff ff aa bb
      | Error: '-p' argument's padding value is too high (must be 0xFF or lower).
-p=+7                                        rc=0 out=01 02 03 04 05 06 07 08 10 11 12 13 14 15 16 17 18 19 07 07 07 07 07 07 aa bb
-p=0x                                        rc=0 out=01 02 03 04 05 06 07 08 10 11 12 13 14 15 16 17 18 19 00 00 00 00 00 00 aa bb
      | Error: Could not parse '-p' argument's padding value.
-p=g                                         rc=0 out=01 02 03 04 05 06 07 08 10 11 12 13 14 15 16 17 18 19 00 00 00 00 00 00 aa bb
      | Error: Could not parse '-p' argument's padding value.
-p=7F                                        rc=0 out=01 02 03 04 05 06 07 08 10 11 12 13 14 15 16 17 18 19 7f 7f 7f 7f 7f 7f aa bb
-pFF (no =)                                  rc=0 out=01 02 03 04 05 06 07 08 10 11 12 13 14 15 16 17 18 19 00 00 00 00 00 00 aa bb
      | Error: Could not parse '-p' argument's padding value.
-p=FF -p=0 (last wins?)                      rc=0 out=01 02 03 04 05 06 07 08 10 11 12 13 14 15 16 17 18 19 00 00 00 00 00 00 aa bb

# -z grammar
-z=0,Uncompressed,Guess,after                rc=0 out=10 11 12 13 14 15 16 17 18 19 ff ff ff ff ff ff ff ff ff ff ff ff ff ff aa bb
      | Error: Unrecognised compression format ('Uncompressed') in '-z' argument.
-z=0,uncompressed,Guess,After                rc=0 out=10 11 12 13 14 15 16 17 18 19 ff ff ff ff ff ff ff ff ff ff ff ff ff ff aa bb
      | Error: Unrecognised type ('After') in '-z' argument.
-z=0,uncompressed,Guess                      rc=0 out=10 11 12 13 14 15 16 17 18 19 ff ff ff ff ff ff ff ff ff ff ff ff ff ff aa bb
      | Error: Could not parse '-z' argument's options.
-z=0,uncompressed,Guess,after,x              rc=0 out=10 11 12 13 14 15 16 17 18 19 ff ff ff ff ff ff ff ff ff ff ff ff ff ff aa bb
      | Error: Unrecognised type ('after,x') in '-z' argument.
-z=0,uncompressed,,after                     rc=0 out=01 02 03 04 05 06 07 08 10 11 12 13 14 15 16 17 18 19 ff ff ff ff ff ff aa bb
-z=,uncompressed,Guess,after                 rc=0 out=10 11 12 13 14 15 16 17 18 19 ff ff ff ff ff ff ff ff ff ff ff ff ff ff aa bb
      | Error: Could not parse '-z' argument's options.
-z=0,lzma,Guess,after                        rc=0 out=10 11 12 13 14 15 16 17 18 19 ff ff ff ff ff ff ff ff ff ff ff ff ff ff aa bb
      | Error: Unrecognised compression format ('lzma') in '-z' argument.
-z=0,uncompressed,Guess,sideways             rc=0 out=10 11 12 13 14 15 16 17 18 19 ff ff ff ff ff ff ff ff ff ff ff ff ff ff aa bb
      | Error: Unrecognised type ('sideways') in '-z' argument.
-z=0,,Guess,after                            rc=0 out=10 11 12 13 14 15 16 17 18 19 ff ff ff ff ff ff ff ff ff ff ff ff ff ff aa bb
      | Error: Unrecognised compression format ('') in '-z' argument.
-z=0, uncompressed,Guess,after               rc=0 out=10 11 12 13 14 15 16 17 18 19 ff ff ff ff ff ff ff ff ff ff ff ff ff ff aa bb
      | Error: Unrecognised compression format (' uncompressed') in '-z' argument.
-z=x,uncompressed,Guess,after                rc=0 out=10 11 12 13 14 15 16 17 18 19 ff ff ff ff ff ff ff ff ff ff ff ff ff ff aa bb
      | Error: Could not parse '-z' argument's options.
-z=00,uncompressed,Guess,after               rc=0 out=01 02 03 04 05 06 07 08 10 11 12 13 14 15 16 17 18 19 ff ff ff ff ff ff aa bb
-z=0,uncompressed,Guess,afterx               rc=0 out=10 11 12 13 14 15 16 17 18 19 ff ff ff ff ff ff ff ff ff ff ff ff ff ff aa bb
      | Error: Unrecognised type ('afterx') in '-z' argument.
-z=0,uncompressedx,Guess,after               rc=0 out=10 11 12 13 14 15 16 17 18 19 ff ff ff ff ff ff ff ff ff ff ff ff ff ff aa bb
      | Error: Unrecognised compression format ('uncompressedx') in '-z' argument.
-z0,... (no =)                               rc=0 out=10 11 12 13 14 15 16 17 18 19 ff ff ff ff ff ff ff ff ff ff ff ff ff ff aa bb
      | Error: Could not parse '-z' argument's options.
options after the file names                 rc=0 out=01 02 03 04 05 06 07 08 10 11 12 13 14 15 16 17 18 19 ff ff ff ff ff ff aa bb
unknown option -q                            rc=1 out=None
      | Error: Unrecognised option '-q'.
      | Error: Invalid header magic value - expected 0x8914 but got 0x636F.
      | Input file is either corrupt or not a valid AS code file.

# compressors, after, p_after (10-byte driver, 16-byte gap)
kosinski                                     rc=1 out=None
      | Error: Invalid header magic value - expected 0x8914 but got 0x636F.
      | Input file is either corrupt or not a valid AS code file.
kosinski-optimised                           rc=1 out=None
      | Error: Invalid header magic value - expected 0x8914 but got 0x636F.
      | Input file is either corrupt or not a valid AS code file.
saxman                                       rc=1 out=None
      | Error: Invalid header magic value - expected 0x8914 but got 0x636F.
      | Input file is either corrupt or not a valid AS code file.
saxman-bugged                                rc=1 out=None
      | Error: Invalid header magic value - expected 0x8914 but got 0x636F.
      | Input file is either corrupt or not a valid AS code file.
saxman-optimised                             rc=1 out=None
      | Error: Invalid header magic value - expected 0x8914 but got 0x636F.
      | Input file is either corrupt or not a valid AS code file.
kosinskiplus                                 rc=1 out=None
      | Error: Invalid header magic value - expected 0x8914 but got 0x636F.
      | Input file is either corrupt or not a valid AS code file.
