 AS V1.42 Beta [Bld 212] - Source File p_c_db_x41.asm - Page 1 - 09/11/2026 03:43:55 PM


       1/       0 :                     	cpu 68000
       2/       0 :                     	padding off
       3/       0 :                     	org 0
       4/       0 :                     	charset $41,$11
       5/       0 :                     	charset $27,$55
       6/       0 :                     	charset $5C,$66
       7/       0 :                     	charset $07,$77
       8/       0 :                     	charset $0A,$AA
       9/       0 :                     	charset $22,$BB
      10/       0 : 1111 11             	dc.b "A\x41\65"
      11/       3 : EE                  	dc.b $EE
      12/       4 :                     	end
 AS V1.42 Beta [Bld 212] - Source File p_c_db_x41.asm - Page 2 - 09/11/2026 03:43:55 PM


  Symbol Table (* = unused):
  --------------------------

*ARCHITECTURE :                                      "x86_64-unknown-linux" - |
*BIGENDIAN :                      0 - | *BRANCHEXT :                      0 - |
*CASESENSITIVE :                  1 - | *COMPMODE :                       0 - |
*CONSTPI :        3.141592653589793 - | *CUSTOM :                         0 - |
*DATE :                "09/11/2026" - | *FALSE :                          0 - |
*FULLPMMU :                       1 - | *HAS64 :                          1 - |
*HASDSP :                         0 - | *HASFPU :                         0 - |
*HASPMMU :                        0 - | *INEXTMODE :                      0 - |
*INLWORDMODE :                    0 - | *INMAXMODE :                      0 - |
*INSRCMODE :                      0 - | *INSUPMODE :                      0 - |
*LISTON :                         1 - | *MACEXP :                         7 - |
*MOMCPU :                     68000 - | *MOMCPUNAME :               "68000" - |
*NESTMAX :                      100 - | *PACKING :                        0 - |
*PADDING :                        0 - | *RELAXED :                        0 - |
*TIME :               "03:43:55 PM" - | *TRUE :                           1 - |
*VERSION :                     142F - | *Z80SYNTAX :                      0 - |

     31 symbols
     31 unused symbols

 AS V1.42 Beta [Bld 212] - Source File p_c_db_x41.asm - Page 3 - 09/11/2026 03:43:55 PM


  Code Pages:
  ----------

STANDARD (6 changed characters)

1 code page

0.00 seconds assembly time

     13 lines source file
      1 pass
      0 errors
      0 warnings
