 AS V1.42 Beta [Bld 212] - Source File ctx_bitcnt.asm - Page 1 - 09/12/2026 05:50:15 AM


       1/       0 :                     	cpu 68000
       2/       0 :                     	padding off
       3/       0 :                     	org 0
       4/       0 : 01                  	dc.b bitcnt(FwdL)
       5/       1 :                     	ds.b $3F
       6/      40 :                     FwdL:
       7/      40 : 03                  	dc.b bitcnt(7)
       8/      41 : 03                  	dc.b BITCNT(7)
       9/      42 : 03                  	dc.b BitCnt(7)
      10/      43 : 03                  	dc.b bitcnt( 7 )
      11/      44 : 03                  	dc.b bitcnt((7))
      12/      45 : 03                  	dc.b bitcnt(Later)
      13/      46 : =$3                  X equ bitcnt(7)
      14/      46 : 03                  	dc.b X
      15/      47 : =$3                  Y set bitcnt(7)
      16/      47 : 03                  	dc.b Y
      17/      48 : =>FALSE              	if bitcnt(7)=bitcnt(7)+1
      18/      48 :                     	dc.b 2
      19/      48 : =>TRUE               	else
      20/      48 : 01                  	dc.b 1
      21/      49 : [17]                 	endif
> > > ctx_bitcnt.asm(22): warning #180: address is not properly aligned
> > >  move.l #bitcnt(7),d0
      22/      49 : 203C 0000 0003      	move.l #bitcnt(7),d0
> > > ctx_bitcnt.asm(23): warning #180: address is not properly aligned
> > >  move.w #bitcnt(7)<<2,d1
      23/      4F : 323C 000C           	move.w #bitcnt(7)<<2,d1
      24/      53 : 04                  	dc.b bitcnt(7)+1
      25/      54 : 02                  	dc.b bitcnt(bitcnt(7))
      26/      55 : 33                  	dc.b "\{bitcnt(7)}"
      27/      56 : 00                  	dc.b bitcnt()
      28/      57 : 00                  	dc.b bitcnt( )
      29/      58 : 00                  	dc.b bitcnt(())
      30/      59 : =$7                  Later equ 7
      31/      59 : EE                  	dc.b $EE
      32/      5A :                     	end
 AS V1.42 Beta [Bld 212] - Source File ctx_bitcnt.asm - Page 2 - 09/12/2026 05:50:15 AM


  Symbol Table (* = unused):
  --------------------------

*ARCHITECTURE :                                      "x86_64-unknown-linux" - |
*BIGENDIAN :                      0 - | *BRANCHEXT :                      0 - |
*CASESENSITIVE :                  1 - | *COMPMODE :                       0 - |
*CONSTPI :        3.141592653589793 - | *CUSTOM :                         0 - |
*DATE :                "09/12/2026" - | *FALSE :                          0 - |
*FULLPMMU :                       1 - |  FwdL :                          40 C |
*HAS64 :                          1 - | *HASDSP :                         0 - |
*HASFPU :                         0 - | *HASPMMU :                        0 - |
*INEXTMODE :                      0 - | *INLWORDMODE :                    0 - |
*INMAXMODE :                      0 - | *INSRCMODE :                      0 - |
*INSUPMODE :                      0 - | *LISTON :                         1 - |
 Later :                          7 - | *MACEXP :                         7 - |
*MOMCPU :                     68000 - | *MOMCPUNAME :               "68000" - |
*NESTMAX :                      100 - | *PACKING :                        0 - |
*PADDING :                        0 - | *RELAXED :                        0 - |
*TIME :               "05:50:15 AM" - | *TRUE :                           1 - |
*VERSION :                     142F - |  X :                              3 - |
 Y :                              3 - | *Z80SYNTAX :                      0 - |

     35 symbols
     31 unused symbols

 AS V1.42 Beta [Bld 212] - Source File ctx_bitcnt.asm - Page 3 - 09/12/2026 05:50:15 AM


  Code Pages:
  ----------

STANDARD (0 changed characters)

1 code page

0.00 seconds assembly time

     33 lines source file
      2 passes
      0 errors
      2 warnings
