 AS V1.42 Beta [Bld 212] - Source File m_default_num.asm - Page 1 - 09/12/2026 05:44:06 AM


       1/       0 :                     	cpu 68000
       2/       0 :                     	padding off
       3/       0 :                     	org 0
       4/       0 :                     m	macro pa=12
       5/       0 :                     	dc.b pa
       6/       0 :                     	endm
       7/       0 : (MACRO)              	m
       7/       0 : 0C                          dc.b 12
       8/       1 : EE                  	dc.b $EE
       9/       2 :                     	end
 AS V1.42 Beta [Bld 212] - Source File m_default_num.asm - Page 2 - 09/12/2026 05:44:06 AM


  Symbol Table (* = unused):
  --------------------------

*ARCHITECTURE :                                      "x86_64-unknown-linux" - |
*BIGENDIAN :                      0 - | *BRANCHEXT :                      0 - |
*CASESENSITIVE :                  1 - | *COMPMODE :                       0 - |
*CONSTPI :        3.141592653589793 - | *CUSTOM :                         0 - |
*DATE :                "09/12/2026" - | *FALSE :                          0 - |
*FULLPMMU :                       1 - | *HAS64 :                          1 - |
*HASDSP :                         0 - | *HASFPU :                         0 - |
*HASPMMU :                        0 - | *INEXTMODE :                      0 - |
*INLWORDMODE :                    0 - | *INMAXMODE :                      0 - |
*INSRCMODE :                      0 - | *INSUPMODE :                      0 - |
*LISTON :                         1 - | *MACEXP :                         7 - |
*MOMCPU :                     68000 - | *MOMCPUNAME :               "68000" - |
*NESTMAX :                      100 - | *PACKING :                        0 - |
*PADDING :                        0 - | *RELAXED :                        0 - |
*TIME :               "05:44:06 AM" - | *TRUE :                           1 - |
*VERSION :                     142F - | *Z80SYNTAX :                      0 - |

     31 symbols
     31 unused symbols

 AS V1.42 Beta [Bld 212] - Source File m_default_num.asm - Page 3 - 09/12/2026 05:44:06 AM


  Defined Macros:
  ---------------

m                                     |

      1 macro

 AS V1.42 Beta [Bld 212] - Source File m_default_num.asm - Page 4 - 09/12/2026 05:44:06 AM


  Code Pages:
  ----------

STANDARD (0 changed characters)

1 code page

0.00 seconds assembly time

     10 lines source file
     11 lines incl. macro expansions
      1 pass
      0 errors
      0 warnings
