> > > ref_bitpos_fwd.asm(4): error #1540: not exactly one bit set
> > >  dc.b bitpos(Later)
ASL_EXIT=2
ASL_DIAG=INCOMPLETE
  asl stopped its PASS LOOP on an error, so the diagnostics from
  the pass it refused to start were NEVER LOOKED FOR. Chiefly
  'symbol undefined': a forward reference is only judged on a
  later pass, so undefined symbols in this file are reported as
  ZERO here whether there are none or thirty. The error count in
  the footer counts what asl reached, not what is wrong.
  THIS LINE MAKES THE GAP VISIBLE. IT DOES NOT FILL IT: fix the
  reported error and assemble again to learn what was hidden.
  Listing: ref_bitpos_fwd.lst
REFUSED: asl exited 2, so this run FAILED.
  NO BYTE COLUMN FROM THIS RUN IS A SOURCE OF VALUES, including the
  lines that assembled: an error stops the pass loop, so every forward
  reference is left at its unresolved pass-1 placeholder and the
  listing prints them looking complete. See partial_failure.asm
  beside asl_ref.sh, where one bad line leaves 6702 reading 67FE.
  Fix the source, do not quote the listing.
