 AS V1.42 Beta [Bld 212] - Source File ref_bitpos_fwdlabel.asm - Page 1 - 09/12/2026 05:50:15 AM


       1/       0 :                     	cpu 68000
       2/       0 :                     	padding off
       3/       0 :                     	org 0
> > > ref_bitpos_fwdlabel.asm(4): error #1540: not exactly one bit set
> > >  dc.b bitpos(FwdL)
       4/       0 : FF                  	dc.b bitpos(FwdL)
       5/       1 :                     	ds.b $3F
       6/      40 :                     FwdL:
       7/      40 : EE                  	dc.b $EE
       8/      41 :                     	end
 AS V1.42 Beta [Bld 212] - Source File ref_bitpos_fwdlabel.asm - Page 2 - 09/12/2026 05:50:15 AM


  Symbol Table (* = unused):
  --------------------------

*ARCHITECTURE :                                      "x86_64-unknown-linux" - |
*BIGENDIAN :                      0 - | *BRANCHEXT :                      0 - |
*CASESENSITIVE :                  1 - | *COMPMODE :                       0 - |
*CONSTPI :        3.141592653589793 - | *CUSTOM :                         0 - |
*DATE :                "09/12/2026" - | *FALSE :                          0 - |
*FULLPMMU :                       1 - | *FwdL :                          40 C |
*HAS64 :                          1 - | *HASDSP :                         0 - |
*HASFPU :                         0 - | *HASPMMU :                        0 - |
*INEXTMODE :                      0 - | *INLWORDMODE :                    0 - |
*INMAXMODE :                      0 - | *INSRCMODE :                      0 - |
*INSUPMODE :                      0 - | *LISTON :                         1 - |
*MACEXP :                         7 - | *MOMCPU :                     68000 - |
*MOMCPUNAME :               "68000" - | *NESTMAX :                      100 - |
*PACKING :                        0 - | *PADDING :                        0 - |
*RELAXED :                        0 - | *TIME :               "05:50:15 AM" - |
*TRUE :                           1 - | *VERSION :                     142F - |
*Z80SYNTAX :                      0 - |

     32 symbols
     32 unused symbols

 AS V1.42 Beta [Bld 212] - Source File ref_bitpos_fwdlabel.asm - Page 3 - 09/12/2026 05:50:15 AM


  Code Pages:
  ----------

STANDARD (0 changed characters)

1 code page

0.00 seconds assembly time

      9 lines source file
      1 pass
        Additional necessary passes not started due to
        errors, listing possibly incorrect.
      1 error
      0 warnings
