 AS V1.42 Beta [Bld 212] - Source File t_sgn_float.asm - Page 1 - 09/12/2026 05:50:15 AM


       1/       0 :                     	cpu 68000
       2/       0 :                     	padding off
       3/       0 :                     	org 0
       4/       0 : 0000 0000           	dc.l sgn(0.0)
       5/       4 : 0000 0000           	dc.l sgn(-0.0)
       6/       8 : 0000 0001           	dc.l sgn(0.5)
       7/       C : FFFF FFFF           	dc.l sgn(-0.5)
       8/      10 : 0000 0001           	dc.l sgn(1.0)
       9/      14 : FFFF FFFF           	dc.l sgn(-1.0)
      10/      18 : 0000 0001           	dc.l sgn(2.5)
      11/      1C : FFFF FFFF           	dc.l sgn(-2.5)
      12/      20 : 0000 0001           	dc.l sgn(1000000.0)
      13/      24 : FFFF FFFF           	dc.l sgn(-1000000.0)
      14/      28 : 0000 0001           	dc.l sgn(0.000001)
      15/      2C : FFFF FFFF           	dc.l sgn(-0.000001)
      16/      30 : EE                  	dc.b $EE
      17/      31 :                     	end
 AS V1.42 Beta [Bld 212] - Source File t_sgn_float.asm - Page 2 - 09/12/2026 05:50:15 AM


  Symbol Table (* = unused):
  --------------------------

*ARCHITECTURE :                                      "x86_64-unknown-linux" - |
*BIGENDIAN :                      0 - | *BRANCHEXT :                      0 - |
*CASESENSITIVE :                  1 - | *COMPMODE :                       0 - |
*CONSTPI :        3.141592653589793 - | *CUSTOM :                         0 - |
*DATE :                "09/12/2026" - | *FALSE :                          0 - |
*FULLPMMU :                       1 - | *HAS64 :                          1 - |
*HASDSP :                         0 - | *HASFPU :                         0 - |
*HASPMMU :                        0 - | *INEXTMODE :                      0 - |
*INLWORDMODE :                    0 - | *INMAXMODE :                      0 - |
*INSRCMODE :                      0 - | *INSUPMODE :                      0 - |
*LISTON :                         1 - | *MACEXP :                         7 - |
*MOMCPU :                     68000 - | *MOMCPUNAME :               "68000" - |
*NESTMAX :                      100 - | *PACKING :                        0 - |
*PADDING :                        0 - | *RELAXED :                        0 - |
*TIME :               "05:50:15 AM" - | *TRUE :                           1 - |
*VERSION :                     142F - | *Z80SYNTAX :                      0 - |

     31 symbols
     31 unused symbols

 AS V1.42 Beta [Bld 212] - Source File t_sgn_float.asm - Page 3 - 09/12/2026 05:50:15 AM


  Code Pages:
  ----------

STANDARD (0 changed characters)

1 code page

0.00 seconds assembly time

     18 lines source file
      1 pass
      0 errors
      0 warnings
