 AS V1.42 Beta [Bld 212] - Source File v_concat_int_ctx.asm - Page 1 - 09/13/2026 01:40:45 AM


       1/       0 :                     	cpu 68000
       2/       0 :                     	padding off
       3/       0 :                     	org 0
       4/       0 : ="ab"                X equ "a"+"b"
       5/       0 : 6162 EE             	dc.b X,$EE
       6/       3 : 0061 0062           	dc.w X
> > > v_concat_int_ctx.asm(7): warning #180: address is not properly aligned
> > >  move.w #X,d0
       7/       7 : 303C 6162           	move.w #X,d0
> > > v_concat_int_ctx.asm(8): warning #180: address is not properly aligned
> > >  move.w #"a"+"b",d0
       8/       B : 303C 6162           	move.w #"a"+"b",d0
       9/       F : 0061 0062           	dc.w "a"+"b"
      10/      13 :                     	end
 AS V1.42 Beta [Bld 212] - Source File v_concat_int_ctx.asm - Page 2 - 09/13/2026 01:40:45 AM


  Symbol Table (* = unused):
  --------------------------

*ARCHITECTURE :                                      "x86_64-unknown-linux" - |
*BIGENDIAN :                      0 - | *BRANCHEXT :                      0 - |
*CASESENSITIVE :                  1 - | *COMPMODE :                       0 - |
*CONSTPI :        3.141592653589793 - | *CUSTOM :                         0 - |
*DATE :                "09/13/2026" - | *FALSE :                          0 - |
*FULLPMMU :                       1 - | *HAS64 :                          1 - |
*HASDSP :                         0 - | *HASFPU :                         0 - |
*HASPMMU :                        0 - | *INEXTMODE :                      0 - |
*INLWORDMODE :                    0 - | *INMAXMODE :                      0 - |
*INSRCMODE :                      0 - | *INSUPMODE :                      0 - |
*LISTON :                         1 - | *MACEXP :                         7 - |
*MOMCPU :                     68000 - | *MOMCPUNAME :               "68000" - |
*NESTMAX :                      100 - | *PACKING :                        0 - |
*PADDING :                        0 - | *RELAXED :                        0 - |
*TIME :               "01:40:45 AM" - | *TRUE :                           1 - |
*VERSION :                     142F - |  X :                           "ab" - |
*Z80SYNTAX :                      0 - |

     32 symbols
     31 unused symbols

 AS V1.42 Beta [Bld 212] - Source File v_concat_int_ctx.asm - Page 3 - 09/13/2026 01:40:45 AM


  Code Pages:
  ----------

STANDARD (0 changed characters)

1 code page

0.00 seconds assembly time

     11 lines source file
      1 pass
      0 errors
      2 warnings
