 AS V1.42 Beta [Bld 212] - Source File v_concat_chain.asm - Page 1 - 09/12/2026 09:03:20 PM


       1/       0 :                     	cpu 68000
       2/       0 :                     	padding off
       3/       0 :                     	org 0
       4/       0 : 6162 6364 6566 EE   	dc.b "ab"+"cd"+"ef",$EE
       5/       7 : 41EE                	dc.b "A"+"",$EE
       6/       9 : 42EE                	dc.b ""+"B",$EE
       7/       B : EE                  	dc.b ""+"",$EE
       8/       C : 6162 63EE           	dc.b ("a"+"b")+"c",$EE
       9/      10 : ="abcd"              T set "ab"+"cd"
      10/      10 : 04EE                	dc.b strlen(T),$EE
      11/      12 : 03EE                	dc.b 1+2,$EE
      12/      14 : 62EE                	dc.b "a"+1,$EE
      13/      16 : 656C 2D78 79EE      	dc.b substr("hello",1,2)+"-"+lowstring("XY"),$EE
      14/      1C :                     	end
 AS V1.42 Beta [Bld 212] - Source File v_concat_chain.asm - Page 2 - 09/12/2026 09:03:20 PM


  Symbol Table (* = unused):
  --------------------------

*ARCHITECTURE :                                      "x86_64-unknown-linux" - |
*BIGENDIAN :                      0 - | *BRANCHEXT :                      0 - |
*CASESENSITIVE :                  1 - | *COMPMODE :                       0 - |
*CONSTPI :        3.141592653589793 - | *CUSTOM :                         0 - |
*DATE :                "09/12/2026" - | *FALSE :                          0 - |
*FULLPMMU :                       1 - | *HAS64 :                          1 - |
*HASDSP :                         0 - | *HASFPU :                         0 - |
*HASPMMU :                        0 - | *INEXTMODE :                      0 - |
*INLWORDMODE :                    0 - | *INMAXMODE :                      0 - |
*INSRCMODE :                      0 - | *INSUPMODE :                      0 - |
*LISTON :                         1 - | *MACEXP :                         7 - |
*MOMCPU :                     68000 - | *MOMCPUNAME :               "68000" - |
*NESTMAX :                      100 - | *PACKING :                        0 - |
*PADDING :                        0 - | *RELAXED :                        0 - |
 T :                         "abcd" - | *TIME :               "09:03:20 PM" - |
*TRUE :                           1 - | *VERSION :                     142F - |
*Z80SYNTAX :                      0 - |

     32 symbols
     31 unused symbols

 AS V1.42 Beta [Bld 212] - Source File v_concat_chain.asm - Page 3 - 09/12/2026 09:03:20 PM


  Code Pages:
  ----------

STANDARD (0 changed characters)

1 code page

0.01 seconds assembly time

     15 lines source file
      1 pass
      0 errors
      0 warnings
