 AS V1.42 Beta [Bld 212] - Source File v_fn_escape_letter.asm - Page 1 - 09/13/2026 02:03:04 AM


       1/       0 :                     	cpu 68000
       2/       0 :                     	padding off
       3/       0 :                     	org 0
       4/       0 :                     fq function n,"a\n b"
> > > v_fn_escape_letter.asm(5): error #2010: invalid escape sequence
> > >  dc.b fq(3),$EE
> > > v_fn_escape_letter.asm(5):0: error #1020: invalid symbol name
> > > "a\(3) b"
> > >  dc.b fq(3),$EE
> > > ~~~~~~~~~
       5/       0 :                     	dc.b fq(3),$EE
       6/       0 :                     	end
 AS V1.42 Beta [Bld 212] - Source File v_fn_escape_letter.asm - Page 2 - 09/13/2026 02:03:04 AM


  Symbol Table (* = unused):
  --------------------------

*ARCHITECTURE :                                      "x86_64-unknown-linux" - |
*BIGENDIAN :                      0 - | *BRANCHEXT :                      0 - |
*CASESENSITIVE :                  1 - | *COMPMODE :                       0 - |
*CONSTPI :        3.141592653589793 - | *CUSTOM :                         0 - |
*DATE :                "09/13/2026" - | *FALSE :                          0 - |
*FULLPMMU :                       1 - | *HAS64 :                          1 - |
*HASDSP :                         0 - | *HASFPU :                         0 - |
*HASPMMU :                        0 - | *INEXTMODE :                      0 - |
*INLWORDMODE :                    0 - | *INMAXMODE :                      0 - |
*INSRCMODE :                      0 - | *INSUPMODE :                      0 - |
*LISTON :                         1 - | *MACEXP :                         7 - |
*MOMCPU :                     68000 - | *MOMCPUNAME :               "68000" - |
*NESTMAX :                      100 - | *PACKING :                        0 - |
*PADDING :                        0 - | *RELAXED :                        0 - |
*TIME :               "02:03:04 AM" - | *TRUE :                           1 - |
*VERSION :                     142F - | *Z80SYNTAX :                      0 - |

     31 symbols
     31 unused symbols

 AS V1.42 Beta [Bld 212] - Source File v_fn_escape_letter.asm - Page 3 - 09/13/2026 02:03:04 AM


  Defined Functions:
  ------------------

fq                                    |

 AS V1.42 Beta [Bld 212] - Source File v_fn_escape_letter.asm - Page 4 - 09/13/2026 02:03:04 AM


  Code Pages:
  ----------

STANDARD (0 changed characters)

1 code page

0.00 seconds assembly time

      7 lines source file
      1 pass
      2 errors
      0 warnings
