 AS V1.42 Beta [Bld 212] - Source File v_interp_at_literal.asm - Page 1 - 09/13/2026 01:40:45 AM


       1/       0 :                     	cpu 68000
       2/       0 :                     	padding off
       3/       0 :                     	org 0
       4/       0 : =$5                  n equ 5
       5/       0 : =$AB                 N equ $AB
       6/       0 : 01EE                	dc.b strlen("\{n}"),$EE
       7/       2 : 35EE                	dc.b substr("\{n}xy",0,1),$EE
       8/       4 : 6162 EE             	dc.b lowstring("\{N}"),$EE
       9/       7 : 41EE                	dc.b substr("ab\{N}",2,1),$EE
      10/       9 : 03EE                	dc.b strlen("-"+"\{N}"),$EE
      11/       B :                     	end
 AS V1.42 Beta [Bld 212] - Source File v_interp_at_literal.asm - Page 2 - 09/13/2026 01:40:45 AM


  Symbol Table (* = unused):
  --------------------------

*ARCHITECTURE :                                      "x86_64-unknown-linux" - |
*BIGENDIAN :                      0 - | *BRANCHEXT :                      0 - |
*CASESENSITIVE :                  1 - | *COMPMODE :                       0 - |
*CONSTPI :        3.141592653589793 - | *CUSTOM :                         0 - |
*DATE :                "09/13/2026" - | *FALSE :                          0 - |
*FULLPMMU :                       1 - | *HAS64 :                          1 - |
*HASDSP :                         0 - | *HASFPU :                         0 - |
*HASPMMU :                        0 - | *INEXTMODE :                      0 - |
*INLWORDMODE :                    0 - | *INMAXMODE :                      0 - |
*INSRCMODE :                      0 - | *INSUPMODE :                      0 - |
*LISTON :                         1 - | *MACEXP :                         7 - |
*MOMCPU :                     68000 - | *MOMCPUNAME :               "68000" - |
 N :                             AB - | *NESTMAX :                      100 - |
*PACKING :                        0 - | *PADDING :                        0 - |
*RELAXED :                        0 - | *TIME :               "01:40:45 AM" - |
*TRUE :                           1 - | *VERSION :                     142F - |
*Z80SYNTAX :                      0 - |  n :                              5 - |

     33 symbols
     31 unused symbols

 AS V1.42 Beta [Bld 212] - Source File v_interp_at_literal.asm - Page 3 - 09/13/2026 01:40:45 AM


  Code Pages:
  ----------

STANDARD (0 changed characters)

1 code page

0.00 seconds assembly time

     12 lines source file
      1 pass
      0 errors
      0 warnings
