 AS V1.42 Beta [Bld 212] - Source File v_interp_substr.asm - Page 1 - 09/12/2026 06:02:38 PM


       1/       0 :                     	cpu 68000
       2/       0 :                     	padding off
       3/       0 :                     	org 0
       4/       0 : 2435 EE             	dc.b substr("$\{abs(-5)}",0,0),$EE
       5/       3 : 6135 62EE           	dc.b lowstring("A\{abs(-5)}B"),$EE
       6/       7 : 2D24 35EE           	dc.b "-"+"$\{abs(-5)}",$EE
       7/       B : 3521 EE             	dc.b "\{abs(-5)}"+"!",$EE
       8/       E :                     	end
 AS V1.42 Beta [Bld 212] - Source File v_interp_substr.asm - Page 2 - 09/12/2026 06:02:38 PM


  Symbol Table (* = unused):
  --------------------------

*ARCHITECTURE :                                      "x86_64-unknown-linux" - |
*BIGENDIAN :                      0 - | *BRANCHEXT :                      0 - |
*CASESENSITIVE :                  1 - | *COMPMODE :                       0 - |
*CONSTPI :        3.141592653589793 - | *CUSTOM :                         0 - |
*DATE :                "09/12/2026" - | *FALSE :                          0 - |
*FULLPMMU :                       1 - | *HAS64 :                          1 - |
*HASDSP :                         0 - | *HASFPU :                         0 - |
*HASPMMU :                        0 - | *INEXTMODE :                      0 - |
*INLWORDMODE :                    0 - | *INMAXMODE :                      0 - |
*INSRCMODE :                      0 - | *INSUPMODE :                      0 - |
*LISTON :                         1 - | *MACEXP :                         7 - |
*MOMCPU :                     68000 - | *MOMCPUNAME :               "68000" - |
*NESTMAX :                      100 - | *PACKING :                        0 - |
*PADDING :                        0 - | *RELAXED :                        0 - |
*TIME :               "06:02:38 PM" - | *TRUE :                           1 - |
*VERSION :                     142F - | *Z80SYNTAX :                      0 - |

     31 symbols
     31 unused symbols

 AS V1.42 Beta [Bld 212] - Source File v_interp_substr.asm - Page 3 - 09/12/2026 06:02:38 PM


  Code Pages:
  ----------

STANDARD (0 changed characters)

1 code page

0.00 seconds assembly time

      9 lines source file
      1 pass
      0 errors
      0 warnings
