 AS V1.42 Beta [Bld 212] - Source File v_strsym_int_ctx.asm - Page 1 - 09/13/2026 01:46:36 AM


       1/       0 :                     	cpu 68000
       2/       0 :                     	padding off
       3/       0 :                     	org 0
       4/       0 : ="a"                 Y equ "a"
       5/       0 : 303C 0061           	move.w #Y,d0
       6/       4 : 61EE                	dc.b Y,$EE
       7/       6 : 62EE                	dc.b Y+1,$EE
       8/       8 :                     	end
 AS V1.42 Beta [Bld 212] - Source File v_strsym_int_ctx.asm - Page 2 - 09/13/2026 01:46:36 AM


  Symbol Table (* = unused):
  --------------------------

*ARCHITECTURE :                                      "x86_64-unknown-linux" - |
*BIGENDIAN :                      0 - | *BRANCHEXT :                      0 - |
*CASESENSITIVE :                  1 - | *COMPMODE :                       0 - |
*CONSTPI :        3.141592653589793 - | *CUSTOM :                         0 - |
*DATE :                "09/13/2026" - | *FALSE :                          0 - |
*FULLPMMU :                       1 - | *HAS64 :                          1 - |
*HASDSP :                         0 - | *HASFPU :                         0 - |
*HASPMMU :                        0 - | *INEXTMODE :                      0 - |
*INLWORDMODE :                    0 - | *INMAXMODE :                      0 - |
*INSRCMODE :                      0 - | *INSUPMODE :                      0 - |
*LISTON :                         1 - | *MACEXP :                         7 - |
*MOMCPU :                     68000 - | *MOMCPUNAME :               "68000" - |
*NESTMAX :                      100 - | *PACKING :                        0 - |
*PADDING :                        0 - | *RELAXED :                        0 - |
*TIME :               "01:46:36 AM" - | *TRUE :                           1 - |
*VERSION :                     142F - |  Y :                            "a" - |
*Z80SYNTAX :                      0 - |

     32 symbols
     31 unused symbols

 AS V1.42 Beta [Bld 212] - Source File v_strsym_int_ctx.asm - Page 3 - 09/13/2026 01:46:36 AM


  Code Pages:
  ----------

STANDARD (0 changed characters)

1 code page

0.00 seconds assembly time

      9 lines source file
      1 pass
      0 errors
      0 warnings
