 AS V1.42 Beta [Bld 212] - Source File v_value_not_rescanned.asm - Page 1 - 09/13/2026 01:40:45 AM


       1/       0 :                     	cpu 68000
       2/       0 :                     	padding off
       3/       0 :                     	org 0
       4/       0 : =$5                  n equ 5
       5/       0 : ="\\{n}"             s := "\\{n}"
       6/       0 : 5C7B 6E7D EE        	dc.b s,$EE
       7/       5 : 5C7B 6E7D EE        	dc.b substr(s,0,0),$EE
       8/       A : 2D5C 7B6E 7DEE      	dc.b "-"+s,$EE
       9/      10 : 5C7B 6E7D EE        	dc.b substr("\\{n}",0,0),$EE
      10/      15 : ="\\{n}"             t set s
      11/      15 : 5C7B 6E7D EE        	dc.b t,$EE
      12/      1A : ="\\{n}"             u set substr("\\{n}",0,0)
      13/      1A : 5C7B 6E7D EE        	dc.b u,$EE
      14/      1F :                     	end
 AS V1.42 Beta [Bld 212] - Source File v_value_not_rescanned.asm - Page 2 - 09/13/2026 01:40:45 AM


  Symbol Table (* = unused):
  --------------------------

*ARCHITECTURE :                                      "x86_64-unknown-linux" - |
*BIGENDIAN :                      0 - | *BRANCHEXT :                      0 - |
*CASESENSITIVE :                  1 - | *COMPMODE :                       0 - |
*CONSTPI :        3.141592653589793 - | *CUSTOM :                         0 - |
*DATE :                "09/13/2026" - | *FALSE :                          0 - |
*FULLPMMU :                       1 - | *HAS64 :                          1 - |
*HASDSP :                         0 - | *HASFPU :                         0 - |
*HASPMMU :                        0 - | *INEXTMODE :                      0 - |
*INLWORDMODE :                    0 - | *INMAXMODE :                      0 - |
*INSRCMODE :                      0 - | *INSUPMODE :                      0 - |
*LISTON :                         1 - | *MACEXP :                         7 - |
*MOMCPU :                     68000 - | *MOMCPUNAME :               "68000" - |
*NESTMAX :                      100 - | *PACKING :                        0 - |
*PADDING :                        0 - | *RELAXED :                        0 - |
*TIME :               "01:40:45 AM" - | *TRUE :                           1 - |
*VERSION :                     142F - | *Z80SYNTAX :                      0 - |
*n :                              5 - |  s :                        "\\{n}" - |
 t :                        "\\{n}" - |  u :                        "\\{n}" - |

     35 symbols
     32 unused symbols

 AS V1.42 Beta [Bld 212] - Source File v_value_not_rescanned.asm - Page 3 - 09/13/2026 01:40:45 AM


  Code Pages:
  ----------

STANDARD (0 changed characters)

1 code page

0.00 seconds assembly time

     15 lines source file
      1 pass
      0 errors
      0 warnings
