 AS V1.42 Beta [Bld 212] - Source File probe.asm - Page 1 - 09/09/2026 02:25:58 AM


       1/       0 :                     	cpu z80
       2/       0 :                     	org 0
       3/       0 : =8000H               zROMWindow:	equ 8000h
       4/       0 : =369E99H             Z80_Clock:	equ 3579545
       5/       0 : =0E8FC0H             SegaPCM:	equ 0E8FC0h
       6/       0 :                     zmake68kPtr  function addr,zROMWindow+(addr&7FFFh)
       7/       0 :                     zmake68kBank function addr,(((addr&0FF8000h)/zROMWindow))
       8/       0 :                     pcmLoopCounterBase function sampleRate,baseCycles, 1+(Z80_Clock/(sampleRate)-(baseCycles)+(13/2))/13
       9/       0 :                     pcmLoopCounter function sampleRate, pcmLoopCounterBase(sampleRate,90)
      10/       0 : 3E 01               	ld	a,zmake68kBank(SegaPCM)&1
      11/       2 : 3E 0E               	ld	a,zmake68kBank(SegaPCM)>>1
      12/       4 : 11 C0 8F            	ld	de,zmake68kPtr(SegaPCM)
      13/       7 : 06 0B               	ld	b,pcmLoopCounter(16000)
      14/       9 : ED 5B C0 8F         	ld	de,(zmake68kPtr(SegaPCM))
      15/       D : 3A C0 8F            	ld	a,(zmake68kPtr(SegaPCM))
      16/      10 : DD 71 1D            	ld	(ix+zmake68kBank(SegaPCM)),c
      17/      13 : 21 C0 8F            	ld	hl,zmake68kPtr(SegaPCM)
      18/      16 : 2A C0 8F            	ld	hl,(zmake68kPtr(SegaPCM))
      19/      19 : C3 C0 8F            	jp	zmake68kPtr(SegaPCM)
      20/      1C : CD C0 8F            	call	zmake68kPtr(SegaPCM)
      21/      1F : CB 6F               	bit	zmake68kBank(SegaPCM)&7,a
      22/      21 : 00                  	nop
      23/      22 : C9                  	ret
      24/      23 :                     
 AS V1.42 Beta [Bld 212] - Source File probe.asm - Page 2 - 09/09/2026 02:25:58 AM


