== m4-h-l-mix-accepted: h and l accepted beside a half
HEAD 23d7d57de6285ab370f1362e01545cbdee1a6cd9
APPLIED to crates/sigil-frontend-as/src/eval.rs; read back from disk (mutated lines):
  crates/sigil-frontend-as/src/eval.rs:8431          if false && atoms.iter().any(|a| reg_word(a, &["h", "l"])) {
  crates/sigil-frontend-as/src/eval.rs:8432              self.err(
  old text (now absent from the file): 'if atoms.iter().any(|a| reg_word(a, &["h", "l"])) {'
APPLIED to crates/sigil-frontend-as/src/eval.rs; read back from disk (mutated lines):
  crates/sigil-frontend-as/src/eval.rs:8443          const PLAIN: &[&str] = &["a", "b", "c", "d", "e", "h", "l"];
  crates/sigil-frontend-as/src/eval.rs:8444          let legal = match (m, atoms.len()) {
  old text (now absent from the file): 'const PLAIN: &[&str] = &["a", "b", "c", "d", "e"];'
test a_half_beside_h_l_or_the_other_index_register_is_refused_for_that_reason ... FAILED
test every_probe_is_checked_by_exactly_one_group ... ok
test momcpu_and_momcpuname_report_the_undocumented_z80 ... ok
test sonic_2_s_twelve_lines_assemble_as_asl_assembles_them ... ok
test the_halves_exist_only_under_z80undoc ... ok
test every_spelling_asl_accepts_names_the_register_asl_names ... ok
test the_arithmetic_and_logic_forms_take_a_half ... ok
test a_symbol_named_like_a_half_is_read_where_asl_reads_it ... ok
test a_half_in_a_form_asl_refuses_is_refused ... ok
test ld_takes_a_half_in_every_position_asl_allows ... FAILED
test result: FAILED. 8 passed; 2 failed; 0 ignored; 0 measured; 0 filtered out; finished in 0.00s
error: test failed, to rerun pass `-p sigil-frontend-as --test as_z80_half_registers`
error: 1 target failed:
cargo exit 101; compiled=True; FAILED tests: 2
  panic: 16 of 24:
  panic: 16 of 142 `ld` probes disagree with asl:
VERDICT: RED
restored from HEAD:crates/sigil-frontend-as/src/eval.rs; tracked tree CLEAN
