 AS V1.42 Beta [Bld 212] - Source File p11.asm - Page 1 - 09/16/2026 06:25:45 AM


       1/       0 :                     	cpu 68000
> > > p11.asm(2):10: error #1010: symbol undefined
> > > NeverDefined
> > >  move.w (NeverDefined),d0
> > >          ~~~~~~~~~~~~
       2/       0 :                     	move.w (NeverDefined),d0
       3/       0 :                     
 AS V1.42 Beta [Bld 212] - Source File p11.asm - Page 2 - 09/16/2026 06:25:45 AM


  Symbol Table (* = unused):
  --------------------------

*ARCHITECTURE :                                      "x86_64-unknown-linux" - |
*BIGENDIAN :                      0 - | *BRANCHEXT :                      0 - |
*CASESENSITIVE :                  1 - | *COMPMODE :                       0 - |
*CONSTPI :        3.141592653589793 - | *CUSTOM :                         0 - |
*DATE :                "09/16/2026" - | *FALSE :                          0 - |
*FULLPMMU :                       1 - | *HAS64 :                          1 - |
*HASDSP :                         0 - | *HASFPU :                         0 - |
*HASPMMU :                        0 - | *INEXTMODE :                      0 - |
*INLWORDMODE :                    0 - | *INMAXMODE :                      0 - |
*INSRCMODE :                      0 - | *INSUPMODE :                      0 - |
*LISTON :                         1 - | *MACEXP :                         7 - |
*MOMCPU :                     68000 - | *MOMCPUNAME :               "68000" - |
*NESTMAX :                      100 - | *PACKING :                        0 - |
*PADDING :                        1 - | *RELAXED :                        0 - |
*TIME :               "06:25:45 AM" - | *TRUE :                           1 - |
*VERSION :                     142F - | *Z80SYNTAX :                      0 - |

     31 symbols
     31 unused symbols

 AS V1.42 Beta [Bld 212] - Source File p11.asm - Page 3 - 09/16/2026 06:25:45 AM


  Code Pages:
  ----------

STANDARD (0 changed characters)

1 code page

0.00 seconds assembly time

      3 lines source file
      2 passes
      1 error
      0 warnings
