 AS V1.42 Beta [Bld 212] - Source File p4.asm - Page 1 - 09/16/2026 06:06:17 AM


       1/       0 :                     	cpu	68000
       2/       0 :                     	padding	off
       3/       0 :                     	supmode	on
       4/       0 :                     	org	0
       5/       0 : 0001 0002           Tbl:	dc.w	1,2
       6/       4 : 323B 00FA           	move.w	(Tbl,pc,d0.w),d1
       7/       8 : 323A FFF6           	move.w	(Tbl,pc),d1
       8/       C : 4EF8 0000           	jmp	(Tbl)
       9/      10 : 4EB8 0000           	jsr	(Tbl)
      10/      14 : 4ED0                	jmp	(a0)
      11/      16 : 4EF9 0000 0000      	jmp	(Tbl).l
      12/      1C : 4878 0000           	pea	(Tbl)
      13/      20 : 48B8 0003 0000      	movem.w	d0-d1,(Tbl)
      14/      26 : 4CB8 0003 0000      	movem.w	(Tbl),d0-d1
      15/      2C : 0C78 0005 0000      	cmpi.w	#5,(Tbl)
      16/      32 : 0838 0003 0000      	btst	#3,(Tbl)
      17/      38 : 31F8 0000 0000      	move.w	(Tbl),(Tbl)
      18/      3E : 7000                	moveq	#0,d0
      19/      40 :                     
 AS V1.42 Beta [Bld 212] - Source File p4.asm - Page 2 - 09/16/2026 06:06:17 AM


  Symbol Table (* = unused):
  --------------------------

*ARCHITECTURE :                                      "x86_64-unknown-linux" - |
*BIGENDIAN :                      0 - | *BRANCHEXT :                      0 - |
*CASESENSITIVE :                  1 - | *COMPMODE :                       0 - |
*CONSTPI :        3.141592653589793 - | *CUSTOM :                         0 - |
*DATE :                "09/16/2026" - | *FALSE :                          0 - |
*FULLPMMU :                       1 - | *HAS64 :                          1 - |
*HASDSP :                         0 - | *HASFPU :                         0 - |
*HASPMMU :                        0 - | *INEXTMODE :                      0 - |
*INLWORDMODE :                    0 - | *INMAXMODE :                      0 - |
*INSRCMODE :                      0 - | *INSUPMODE :                      1 - |
*LISTON :                         1 - | *MACEXP :                         7 - |
*MOMCPU :                     68000 - | *MOMCPUNAME :               "68000" - |
*NESTMAX :                      100 - | *PACKING :                        0 - |
*PADDING :                        0 - | *RELAXED :                        0 - |
*TIME :               "06:06:17 AM" - | *TRUE :                           1 - |
 Tbl :                            0 C | *VERSION :                     142F - |
*Z80SYNTAX :                      0 - |

     32 symbols
     31 unused symbols

 AS V1.42 Beta [Bld 212] - Source File p4.asm - Page 3 - 09/16/2026 06:06:17 AM


  Code Pages:
  ----------

STANDARD (0 changed characters)

1 code page

0.00 seconds assembly time

     19 lines source file
      1 pass
      0 errors
      0 warnings
