 AS V1.42 Beta [Bld 212] - Source File p8.asm - Page 1 - 09/16/2026 06:09:36 AM


       1/       0 :                     	cpu	68000
       2/       0 :                     	padding	off
       3/       0 :                     	supmode	on
       4/       0 :                     	org	0
       5/       0 : 0001 0002           Tbl:	dc.w	1,2
       6/       4 : 323A FFFA           	move.w	(Tbl,pc),d1
       7/       8 : 3038 0014           	move.w	(FwdLab),d0
       8/       C : 3038 0014           	move.w	FwdLab,d0
       9/      10 : 2238 0014           	move.l	(FwdLab),d1
      10/      14 : 0000                FwdLab:	dc.w	0
      11/      16 :                     
 AS V1.42 Beta [Bld 212] - Source File p8.asm - Page 2 - 09/16/2026 06:09:36 AM


  Symbol Table (* = unused):
  --------------------------

*ARCHITECTURE :                                      "x86_64-unknown-linux" - |
*BIGENDIAN :                      0 - | *BRANCHEXT :                      0 - |
*CASESENSITIVE :                  1 - | *COMPMODE :                       0 - |
*CONSTPI :        3.141592653589793 - | *CUSTOM :                         0 - |
*DATE :                "09/16/2026" - | *FALSE :                          0 - |
*FULLPMMU :                       1 - |  FwdLab :                        14 C |
*HAS64 :                          1 - | *HASDSP :                         0 - |
*HASFPU :                         0 - | *HASPMMU :                        0 - |
*INEXTMODE :                      0 - | *INLWORDMODE :                    0 - |
*INMAXMODE :                      0 - | *INSRCMODE :                      0 - |
*INSUPMODE :                      1 - | *LISTON :                         1 - |
*MACEXP :                         7 - | *MOMCPU :                     68000 - |
*MOMCPUNAME :               "68000" - | *NESTMAX :                      100 - |
*PACKING :                        0 - | *PADDING :                        0 - |
*RELAXED :                        0 - | *TIME :               "06:09:36 AM" - |
*TRUE :                           1 - |  Tbl :                            0 C |
*VERSION :                     142F - | *Z80SYNTAX :                      0 - |

     33 symbols
     31 unused symbols

 AS V1.42 Beta [Bld 212] - Source File p8.asm - Page 3 - 09/16/2026 06:09:36 AM


  Code Pages:
  ----------

STANDARD (0 changed characters)

1 code page

0.00 seconds assembly time

     11 lines source file
      2 passes
      0 errors
      0 warnings
