 AS V1.42 Beta [Bld 212] - Source File phase68k_control.asm - Page 1 - 09/18/2026 09:38:09 PM


       1/       0 :                     ; phase68k_control.asm -- phase68k.asm with the PHASE/DEPHASE bracket DELETED
       2/       0 :                     ; and nothing else changed. This is the positive control that shows what the
       3/       0 :                     ; PHYSICAL answer looks like in this exact listing format: here PhasedHead can
       4/       0 :                     ; only be B8002, because there is no phase to report.
       5/       0 :                     ;
       6/       0 :                     ; So: if phase68k.lst prints PhasedHead : B8002 it agrees with this file, and
       7/       0 :                     ; asl reports the physical address. If it prints 8000 it disagrees, and asl
       8/       0 :                     ; reports the phase address.
       9/       0 :                     	cpu	68000
      10/   B8000 :                     	org	$B8000
      11/   B8000 :                     CtrlBefore:
      12/   B8000 : 1111                	dc.w	$1111
      13/   B8002 :                     PhasedHead:
      14/   B8002 : 2222                	dc.w	$2222
      15/   B8004 :                     CtrlAfter:
      16/   B8004 : 3333                	dc.w	$3333
      17/   B8006 :                     	end
 AS V1.42 Beta [Bld 212] - Source File phase68k_control.asm - Page 2 - 09/18/2026 09:38:09 PM


  Symbol Table (* = unused):
  --------------------------

*ARCHITECTURE :                                      "x86_64-unknown-linux" - |
*BIGENDIAN :                      0 - | *BRANCHEXT :                      0 - |
*CASESENSITIVE :                  1 - | *COMPMODE :                       0 - |
*CONSTPI :        3.141592653589793 - | *CUSTOM :                         0 - |
*CtrlAfter :                  B8004 C | *CtrlBefore :                 B8000 C |
*DATE :                "09/18/2026" - | *FALSE :                          0 - |
*FULLPMMU :                       1 - | *HAS64 :                          1 - |
*HASDSP :                         0 - | *HASFPU :                         0 - |
*HASPMMU :                        0 - | *INEXTMODE :                      0 - |
*INLWORDMODE :                    0 - | *INMAXMODE :                      0 - |
*INSRCMODE :                      0 - | *INSUPMODE :                      0 - |
*LISTON :                         1 - | *MACEXP :                         7 - |
*MOMCPU :                     68000 - | *MOMCPUNAME :               "68000" - |
*NESTMAX :                      100 - | *PACKING :                        0 - |
*PADDING :                        1 - | *PhasedHead :                 B8002 C |
*RELAXED :                        0 - | *TIME :               "09:38:09 PM" - |
*TRUE :                           1 - | *VERSION :                     142F - |
*Z80SYNTAX :                      0 - |

     34 symbols
     34 unused symbols

 AS V1.42 Beta [Bld 212] - Source File phase68k_control.asm - Page 3 - 09/18/2026 09:38:09 PM


  Code Pages:
  ----------

STANDARD (0 changed characters)

1 code page

0.00 seconds assembly time

     18 lines source file
      1 pass
      0 errors
      0 warnings
