 AS V1.42 Beta [Bld 212] - Source File disp_head.asm - Page 1 - 09/05/2026 12:24:33 PM


       1/       0 :                     ; A builtin head used as an ordinary displacement SYMBOL. `val(a0)` is a
       2/       0 :                     ; displacement addressing mode, not a call, and must stay one.
       3/       0 :                     	cpu	68000
       4/    1000 :                     	org	$1000
       5/    1000 : =$4                  val:	equ	4
       6/    1000 : =$4                  strlen:	equ	4
       7/    1000 : 2028 0004           	move.l	val(a0),d0
       8/    1004 : 2030 8804           	move.l	strlen(a0,a0.l),d0
       9/    1008 :                     	end
 AS V1.42 Beta [Bld 212] - Source File disp_head.asm - Page 2 - 09/05/2026 12:24:33 PM


  Symbol Table (* = unused):
  --------------------------

*ARCHITECTURE :                                      "x86_64-unknown-linux" - |
*BIGENDIAN :                      0 - | *BRANCHEXT :                      0 - |
*CASESENSITIVE :                  1 - | *COMPMODE :                       0 - |
*CONSTPI :        3.141592653589793 - | *CUSTOM :                         0 - |
*DATE :                "09/05/2026" - | *FALSE :                          0 - |
*FULLPMMU :                       1 - | *HAS64 :                          1 - |
*HASDSP :                         0 - | *HASFPU :                         0 - |
*HASPMMU :                        0 - | *INEXTMODE :                      0 - |
*INLWORDMODE :                    0 - | *INMAXMODE :                      0 - |
*INSRCMODE :                      0 - | *INSUPMODE :                      0 - |
*LISTON :                         1 - | *MACEXP :                         7 - |
*MOMCPU :                     68000 - | *MOMCPUNAME :               "68000" - |
*NESTMAX :                      100 - | *PACKING :                        0 - |
*PADDING :                        1 - | *RELAXED :                        0 - |
*TIME :               "12:24:33 PM" - | *TRUE :                           1 - |
*VERSION :                     142F - | *Z80SYNTAX :                      0 - |
 strlen :                         4 - |  val :                            4 - |

     33 symbols
     31 unused symbols

 AS V1.42 Beta [Bld 212] - Source File disp_head.asm - Page 3 - 09/05/2026 12:24:33 PM


  Code Pages:
  ----------

STANDARD (0 changed characters)

1 code page

0.00 seconds assembly time

     10 lines source file
      1 pass
      0 errors
      0 warnings
