 AS V1.42 Beta [Bld 212] - Source File insn_operands.asm - Page 1 - 09/05/2026 12:23:32 PM


       1/       0 :                     	cpu	68000
       2/    1000 :                     	org	$1000
       3/    1000 :                     Foo:
       4/    1000 : 4EF9 0000 1000      	jmp	(Foo).l
       5/    1006 : 4EF9 0000 100C      	jmp	(strlen("abcdefghijkl")+Foo).l
       6/    100C : 4EF9 0000 1000      	jmp	(val("Foo")).l
       7/    1012 : 203C 0000 000C      	move.l	#strlen("abcdefghijkl"),d0
       8/    1018 : 203C 0000 4142      	move.l	#val("$4142"),d0
       9/    101E : 203C 0000 102E      	move.l	#val("4142"),d0
      10/    1024 : 203C 0000 0003      	move.l	#int(3.7),d0
      11/    102A : 2038 100C           	move.l	strlen("abcdefghijkl")+Foo,d0
      12/    102E :                     	end
 AS V1.42 Beta [Bld 212] - Source File insn_operands.asm - Page 2 - 09/05/2026 12:23:32 PM


  Symbol Table (* = unused):
  --------------------------

*ARCHITECTURE :                                      "x86_64-unknown-linux" - |
*BIGENDIAN :                      0 - | *BRANCHEXT :                      0 - |
*CASESENSITIVE :                  1 - | *COMPMODE :                       0 - |
*CONSTPI :        3.141592653589793 - | *CUSTOM :                         0 - |
*DATE :                "09/05/2026" - | *FALSE :                          0 - |
*FULLPMMU :                       1 - |  Foo :                         1000 C |
*HAS64 :                          1 - | *HASDSP :                         0 - |
*HASFPU :                         0 - | *HASPMMU :                        0 - |
*INEXTMODE :                      0 - | *INLWORDMODE :                    0 - |
*INMAXMODE :                      0 - | *INSRCMODE :                      0 - |
*INSUPMODE :                      0 - | *LISTON :                         1 - |
*MACEXP :                         7 - | *MOMCPU :                     68000 - |
*MOMCPUNAME :               "68000" - | *NESTMAX :                      100 - |
*PACKING :                        0 - | *PADDING :                        1 - |
*RELAXED :                        0 - | *TIME :               "12:23:32 PM" - |
*TRUE :                           1 - | *VERSION :                     142F - |
*Z80SYNTAX :                      0 - |

     32 symbols
     31 unused symbols

 AS V1.42 Beta [Bld 212] - Source File insn_operands.asm - Page 3 - 09/05/2026 12:23:32 PM


  Code Pages:
  ----------

STANDARD (0 changed characters)

1 code page

0.00 seconds assembly time

     13 lines source file
      1 pass
      0 errors
      0 warnings
