== mutation h6-interp-bare-literal-only on crates/sigil-frontend-as/src/eval.rs, test binary as_string_concat
== HEAD 45ec1a87b848fe820133b06c57b6d96ab6d34637 branch parcel/as-string-concat
MUTATED /home/volence/sonic_hacks/sigil/.worktrees/as-string-concat/crates/sigil-frontend-as/src/eval.rs, lines 8262..8263 now read:
  8262:                 match Ok::<Vec<Token>, (Span, crate::escape::EscapeError)>(called.clone()) {
  8263:                     Ok(t) => t,
git diff --stat:
 crates/sigil-frontend-as/src/eval.rs | 2 +-
 1 file changed, 1 insertion(+), 1 deletion(-)
test a_function_result_bound_by_equ_keeps_its_integer_reading ... ok
test an_interpolation_is_folded_in_a_computed_string ... FAILED
test a_chain_of_concatenations_folds_left_to_right ... ok
test a_string_valued_function_bound_by_set_is_never_silently_wrong ... ok
test a_string_or_float_argument_pasted_into_a_literal_is_refused ... ok
test a_string_valued_function_result_reaches_bytes ... FAILED
test an_interpolation_is_folded_where_its_literal_is ... FAILED
test a_string_value_is_not_scanned_again_for_interpolation ... ok
test plus_between_two_strings_concatenates ... ok
test a_pasted_argument_is_its_decimal_value ... ok
test a_function_parameter_reaches_inside_a_string_literal ... FAILED
test a_parameter_word_is_letters_and_digits_only ... FAILED
test a_quote_inside_an_interpolation_belongs_to_it ... ok
test plus_over_non_strings_stays_numeric ... ok
test sonic_1_signed_to_string_assembles ... FAILED
test a_string_valued_function_pastes_its_string_into_an_interpolation ... ok
test the_substr_and_sgn_half_assembles_without_concatenation ... ok
thread 'an_interpolation_is_folded_in_a_computed_string' (3143130) panicked at crates/sigil-frontend-as/tests/as_string_concat.rs:398:5:
v_interp_substr: sigil's image differs from asl's listing at $1 (asl 14 bytes, sigil 50):
  asl   [35, EE, 61, 35, 62, EE, 2D, 24]
  sigil [5C, 7B, 61, 62, 73, 28, 2D, 35]
thread 'a_string_valued_function_result_reaches_bytes' (3143129) panicked at crates/sigil-frontend-as/tests/as_string_concat.rs:416:5:
v_fn_interp_only: sigil's image differs from asl's listing at $1 (asl 3 bytes, sigil 14):
  asl   [35, EE]
  sigil [5C, 7B, 61, 62, 73, 28, 28, 2D]
thread 'an_interpolation_is_folded_where_its_literal_is' (3143131) panicked at crates/sigil-frontend-as/tests/as_string_concat.rs:506:5:
v_interp_at_literal: sigil's image differs from asl's listing at $0 (asl 11 bytes, sigil 13):
  asl   [01, EE, 35, EE, 61, 62, EE, 41]
  sigil [04, EE, 5C, EE, 5C, 7B, 6E, 7D]
thread 'a_function_parameter_reaches_inside_a_string_literal' (3143120) panicked at crates/sigil-frontend-as/tests/as_string_concat.rs:311:5:
v_fn_str_body: sigil's image differs from asl's listing at $4 (asl 25 bytes, sigil 47):
  asl   [33, EE, 28, 33, 29, 20, 69, 73]
  sigil [5C, 7B, 28, 33, 29, 7D, EE, 28]
thread 'a_parameter_word_is_letters_and_digits_only' (3143122) panicked at crates/sigil-frontend-as/tests/as_string_concat.rs:359:5:
v_fn_word_edges: sigil's image differs from asl's listing at $35 (asl 58 bytes, sigil 63):
  asl   [37, 28, 37, 29, EE]
  sigil [5C, 7B, 28, 37, 29, 7D, 28, 37]
thread 'sonic_1_signed_to_string_assembles' (3143134) panicked at crates/sigil-frontend-as/tests/as_string_concat.rs:574:5:
signed: sigil's image differs from asl's listing at $2 (asl 32 bytes, sigil 74):
  asl   [35, 24, 35, 2D, 24, 30, 2D, 24]
  sigil [5C, 7B, 61, 62, 73, 28, 28, 2D]
test result: FAILED. 11 passed; 6 failed; 0 ignored; 0 measured; 0 filtered out; finished in 0.00s
error: test failed, to rerun pass `-p sigil-frontend-as --test as_string_concat`
TEST_PIPE_DONE
restored crates/sigil-frontend-as/src/eval.rs from HEAD; tracked changes now: 0
