== mutation m4-set-binds-unfolded-call on crates/sigil-frontend-as/src/eval.rs, test binary as_string_concat
== HEAD 45ec1a87b848fe820133b06c57b6d96ab6d34637 branch parcel/as-string-concat
MUTATED /home/volence/sonic_hacks/sigil/.worktrees/as-string-concat/crates/sigil-frontend-as/src/eval.rs, lines 4257..4258 now read:
  4257:         let called = self.expand_calls(rest, 0);
  4258:         self.eval_str(&called)
git diff --stat:
 crates/sigil-frontend-as/src/eval.rs | 5 ++---
 1 file changed, 2 insertions(+), 3 deletions(-)
test a_string_valued_function_bound_by_set_is_never_silently_wrong ... FAILED
test a_function_result_bound_by_equ_keeps_its_integer_reading ... FAILED
test a_string_value_is_not_scanned_again_for_interpolation ... ok
test a_function_parameter_reaches_inside_a_string_literal ... ok
test a_chain_of_concatenations_folds_left_to_right ... ok
test a_pasted_argument_is_its_decimal_value ... ok
test a_quote_inside_an_interpolation_belongs_to_it ... ok
test a_string_or_float_argument_pasted_into_a_literal_is_refused ... ok
test a_string_valued_function_result_reaches_bytes ... ok
test a_string_valued_function_pastes_its_string_into_an_interpolation ... ok
test an_interpolation_is_folded_in_a_computed_string ... ok
test a_parameter_word_is_letters_and_digits_only ... ok
test plus_between_two_strings_concatenates ... ok
test plus_over_non_strings_stays_numeric ... ok
test an_interpolation_is_folded_where_its_literal_is ... ok
test the_substr_and_sgn_half_assembles_without_concatenation ... ok
test sonic_1_signed_to_string_assembles ... ok
thread 'a_string_valued_function_bound_by_set_is_never_silently_wrong' (3119282) panicked at crates/sigil-frontend-as/tests/as_string_concat.rs:456:5:
assertion `left == right` failed: v_fn_full_str: sigil built an image asl's listing does not show (asl 4 bytes, sigil 15)
thread 'a_function_result_bound_by_equ_keeps_its_integer_reading' (3119275) panicked at crates/sigil-frontend-as/tests/as_string_concat.rs:437:5:
v_fn_str_equ_int: asl assembles it, sigil refused: ["unresolved symbol `Z` in operand"]
test result: FAILED. 15 passed; 2 failed; 0 ignored; 0 measured; 0 filtered out; finished in 0.00s
error: test failed, to rerun pass `-p sigil-frontend-as --test as_string_concat`
TEST_PIPE_DONE
restored crates/sigil-frontend-as/src/eval.rs from HEAD; tracked changes now: 0
