== mutation m8-word-has-underscore-dot on crates/sigil-frontend-as/src/eval.rs, test binary as_string_concat
== HEAD 45ec1a87b848fe820133b06c57b6d96ab6d34637 branch parcel/as-string-concat
MUTATED /home/volence/sonic_hacks/sigil/.worktrees/as-string-concat/crates/sigil-frontend-as/src/eval.rs, lines 3846..3847 now read:
  3846:                 .find(|c: char| !(c.is_ascii_alphanumeric() || c == '_' || c == '.'))
  3847:                 .unwrap_or(rest.len());
git diff --stat:
 crates/sigil-frontend-as/src/eval.rs | 2 +-
 1 file changed, 1 insertion(+), 1 deletion(-)
test a_function_result_bound_by_equ_keeps_its_integer_reading ... ok
test a_string_valued_function_pastes_its_string_into_an_interpolation ... ok
test a_chain_of_concatenations_folds_left_to_right ... ok
test a_string_valued_function_bound_by_set_is_never_silently_wrong ... ok
test a_string_valued_function_result_reaches_bytes ... ok
test a_string_or_float_argument_pasted_into_a_literal_is_refused ... ok
test plus_between_two_strings_concatenates ... ok
test an_interpolation_is_folded_in_a_computed_string ... ok
test a_string_value_is_not_scanned_again_for_interpolation ... ok
test a_function_parameter_reaches_inside_a_string_literal ... ok
test a_quote_inside_an_interpolation_belongs_to_it ... ok
test plus_over_non_strings_stays_numeric ... ok
test a_parameter_word_is_letters_and_digits_only ... FAILED
test sonic_1_signed_to_string_assembles ... ok
test a_pasted_argument_is_its_decimal_value ... ok
test the_substr_and_sgn_half_assembles_without_concatenation ... ok
test an_interpolation_is_folded_where_its_literal_is ... ok
thread 'a_parameter_word_is_letters_and_digits_only' (3128593) panicked at crates/sigil-frontend-as/tests/as_string_concat.rs:359:5:
v_fn_word_edges: sigil's image differs from asl's listing at $2 (asl 58 bytes, sigil 50):
  asl   [28, 33, 29, 20, 28, 33, 29, 2E]
  sigil [6E, 20, 6E, 2E, 62, 20, 28, 33]
test result: FAILED. 16 passed; 1 failed; 0 ignored; 0 measured; 0 filtered out; finished in 0.00s
error: test failed, to rerun pass `-p sigil-frontend-as --test as_string_concat`
TEST_PIPE_DONE
restored crates/sigil-frontend-as/src/eval.rs from HEAD; tracked changes now: 0
