 AS V1.42 Beta [Bld 212] - Source File t_plus_int_ctx.asm - Page 1 - 09/15/2026 08:29:28 PM


       1/       0 :                     	cpu 68000
       2/       0 :                     	padding off
       3/       0 :                     	org 0
       4/       0 : 303C 6162           	move.w #"a"+"b",d0
       5/       4 : 203C 6162 6364      	move.l #"ab"+"cd",d0
       6/       A : 3038 6162           	move.w "a"+"b",d0
       7/       E : 2039 6162 6364      	move.l "abcd",d0
       8/      14 : 303C 6162           	move.w #"ab",d0
       9/      18 : 103C 0061           	move.b #"a",d0
      10/      1C :                     	end
 AS V1.42 Beta [Bld 212] - Source File t_plus_int_ctx.asm - Page 2 - 09/15/2026 08:29:28 PM


  Symbol Table (* = unused):
  --------------------------

*ARCHITECTURE :                                      "x86_64-unknown-linux" - |
*BIGENDIAN :                      0 - | *BRANCHEXT :                      0 - |
*CASESENSITIVE :                  1 - | *COMPMODE :                       0 - |
*CONSTPI :        3.141592653589793 - | *CUSTOM :                         0 - |
*DATE :                "09/15/2026" - | *FALSE :                          0 - |
*FULLPMMU :                       1 - | *HAS64 :                          1 - |
*HASDSP :                         0 - | *HASFPU :                         0 - |
*HASPMMU :                        0 - | *INEXTMODE :                      0 - |
*INLWORDMODE :                    0 - | *INMAXMODE :                      0 - |
*INSRCMODE :                      0 - | *INSUPMODE :                      0 - |
*LISTON :                         1 - | *MACEXP :                         7 - |
*MOMCPU :                     68000 - | *MOMCPUNAME :               "68000" - |
*NESTMAX :                      100 - | *PACKING :                        0 - |
*PADDING :                        0 - | *RELAXED :                        0 - |
*TIME :               "08:29:28 PM" - | *TRUE :                           1 - |
*VERSION :                     142F - | *Z80SYNTAX :                      0 - |

     31 symbols
     31 unused symbols

 AS V1.42 Beta [Bld 212] - Source File t_plus_int_ctx.asm - Page 3 - 09/15/2026 08:29:28 PM


  Code Pages:
  ----------

STANDARD (0 changed characters)

1 code page

0.00 seconds assembly time

     11 lines source file
      1 pass
      0 errors
      0 warnings
