Converting WAV file 'Sound/PCM/Sega.wav'...
Converting WAV file 'Sound/DAC/81.wav'...
Converting WAV file 'Sound/DAC/82-85.wav'...
Converting WAV file 'Sound/DAC/86.wav'...
Converting WAV file 'Sound/DAC/87.wav'...
Converting WAV file 'Sound/DAC/88.wav'...
Converting WAV file 'Sound/DAC/89.wav'...
Converting WAV file 'Sound/DAC/8A-8B.wav'...
Converting WAV file 'Sound/DAC/8C.wav'...
Converting WAV file 'Sound/DAC/8D-8E.wav'...
Converting WAV file 'Sound/DAC/8F.wav'...
Converting WAV file 'Sound/DAC/90-93.wav'...
Converting WAV file 'Sound/DAC/94-97.wav'...
Converting WAV file 'Sound/DAC/98-9A.wav'...
Converting WAV file 'Sound/DAC/9B.wav'...
Converting WAV file 'Sound/DAC/9C.wav'...
Converting WAV file 'Sound/DAC/9D.wav'...
Converting WAV file 'Sound/DAC/9E.wav'...
Converting WAV file 'Sound/DAC/9F.wav'...
Converting WAV file 'Sound/DAC/A0.wav'...
Converting WAV file 'Sound/DAC/A1.wav'...
Converting WAV file 'Sound/DAC/A2.wav'...
Converting WAV file 'Sound/DAC/A3.wav'...
Converting WAV file 'Sound/DAC/A4.wav'...
Converting WAV file 'Sound/DAC/A5.wav'...
Converting WAV file 'Sound/DAC/A6.wav'...
Converting WAV file 'Sound/DAC/A7.wav'...
Converting WAV file 'Sound/DAC/A8.wav'...
Converting WAV file 'Sound/DAC/A9.wav'...
Converting WAV file 'Sound/DAC/AA.wav'...
Converting WAV file 'Sound/DAC/AB.wav'...
Converting WAV file 'Sound/DAC/AC.wav'...
Converting WAV file 'Sound/DAC/AD-AE.wav'...
Converting WAV file 'Sound/DAC/AF-B0.wav'...
Converting WAV file 'Sound/DAC/B1.wav'...
Converting WAV file 'Sound/DAC/B2-B3 (Sonic 3).wav'...
Converting WAV file 'Sound/DAC/B2-B3 (Sonic & Knuckles).wav'...
Converting WAV file 'Sound/DAC/B4C1-C4.wav'...
Converting WAV file 'Sound/DAC/B5.wav'...
Converting WAV file 'Sound/DAC/B6.wav'...
Converting WAV file 'Sound/DAC/B7.wav'...
Converting WAV file 'Sound/DAC/B8-B9.wav'...
Converting WAV file 'Sound/DAC/BA.wav'...
Converting WAV file 'Sound/DAC/BB.wav'...
Converting WAV file 'Sound/DAC/BC.wav'...
Converting WAV file 'Sound/DAC/BD.wav'...
Converting WAV file 'Sound/DAC/BE.wav'...
Converting WAV file 'Sound/DAC/BF.wav'...
Converting WAV file 'Sound/DAC/C0.wav'...
Converting WAV file 'Sound/DAC/Unused.wav'...
