MUTATION charset-target-raw APPLIED, crates/sigil-frontend-as/src/eval.rs:7801
   7801|                         match Ok::<String, crate::escape::EscapeError>(raw.clone()) {
   7802|                             Ok(s) => Some(s),
test a_backslash_with_nothing_after_it_is_refused ... ok
test a_character_constant_takes_the_same_escapes ... ok
test a_charset_target_takes_its_escapes_and_stores_them_raw ... FAILED
test an_escaped_character_goes_through_the_live_code_page ... FAILED
test an_escaped_quote_does_not_end_the_literal ... ok
test an_escape_is_judged_only_where_the_literal_is_evaluated ... ok
test an_interpolation_and_the_escapes_around_it_are_one_scan ... FAILED
test an_interpolation_with_no_value_is_refused_in_data ... ok
test an_invalid_escape_is_refused_in_every_context ... FAILED
test a_string_in_an_expression_counts_and_packs_escaped_characters ... ok
test a_string_macro_argument_is_unescaped_once_where_it_is_used ... ok
test every_escape_form_asl_accepts_emits_asl_s_bytes_in_a_data_string ... ok
test every_escape_form_asl_refuses_is_refused_out_loud ... ok
test message_and_warning_text_take_the_escapes ... ok
test result: FAILED. 12 passed; 5 failed; 0 ignored; 0 measured; 0 filtered out; finished in 0.00s
test sonic_2_s_charset_backslash_h_line_assembles ... FAILED
test string_builtins_and_string_symbols_see_the_escaped_value ... ok
test the_z80_data_directive_and_character_constant_take_the_same_escapes ... ok
(transcribed from the session transcript: this first run was not tee'd to a file)
