aeon HEAD: ec640bcf70e263167223a33d987d4661ff221b7e dirty=0
sigil md5: 702c320e3eb40c6b654f96f6a78b1296
sigil 0.1.0 (3e083f46)
  revision:  3e083f4695eb6915e5f89153ddd2bc3ddcb1ace3
  branch:    parcel/as-multichar-squote
  committed: 2026-09-25T06:49:02-04:00
  tree:      clean at capture, no uncommitted changes
sonic4 build rc=0
  produced s4.bin
sonic4-debug build rc=0
  produced s4.debug.bin
demo build rc=0
  produced demo.bin
demo-debug build rc=0
  produced demo.debug.bin
demo-debug.demo.debug.bin    crc32 72e405a5 size 103185
demo.demo.bin                crc32 1c7a34d3 size 96863
sonic4-debug.s4.debug.bin    crc32 8a378de6 size 846509
sonic4.s4.bin                crc32 91c46c94 size 820209
FOUR_END_tip
