 AS V1.42 Beta [Bld 212] - Source File ladder2.asm - Page 1 - 09/05/2026 02:49:10 PM


       1/       0 :                     	cpu	68000
       2/       0 :                     	padding	off
       3/       0 :                     	org	0
       4/       0 :                     ; PROBE shl_vs_div
       5/       0 : 03                  	dc.b	12/2<<1
       6/       1 : 0C                  	dc.b	(12/2)<<1
       7/       2 : 03                  	dc.b	12/(2<<1)
       8/       3 :                     ; PROBE div_vs_shl
       9/       3 : 08                  	dc.b	12<<1/3
      10/       4 : 08                  	dc.b	(12<<1)/3
      11/       5 : 0C                  	dc.b	12<<(1/3)
      12/       6 :                     ; PROBE shr_vs_add
      13/       6 : 03                  	dc.b	1+8>>2
      14/       7 : 02                  	dc.b	(1+8)>>2
      15/       8 : 03                  	dc.b	1+(8>>2)
      16/       9 :                     ; PROBE sub_vs_shl
      17/       9 : 04                  	dc.b	8-1<<2
      18/       A : 1C                  	dc.b	(8-1)<<2
      19/       B : 04                  	dc.b	8-(1<<2)
      20/       C :                     ; PROBE shl_vs_shr
      21/       C : 10                  	dc.b	8>>1<<2
      22/       D : 10                  	dc.b	(8>>1)<<2
      23/       E : 00                  	dc.b	8>>(1<<2)
      24/       F :                     ; PROBE mod_vs_shl
      25/       F : 02                  	dc.b	12#5<<1
      26/      10 : 04                  	dc.b	(12#5)<<1
      27/      11 : 02                  	dc.b	12#(5<<1)
      28/      12 :                     ; PROBE mod_vs_mul
      29/      12 : 04                  	dc.b	7#5*2
      30/      13 : 04                  	dc.b	(7#5)*2
      31/      14 : 07                  	dc.b	7#(5*2)
      32/      15 :                     ; PROBE bitand_vs_add
      33/      15 : 02                  	dc.b	1&3+1
      34/      16 : 02                  	dc.b	(1&3)+1
      35/      17 : 00                  	dc.b	1&(3+1)
      36/      18 :                     ; PROBE add_vs_bitand
      37/      18 : 03                  	dc.b	1+3&2
      38/      19 : 00                  	dc.b	(1+3)&2
      39/      1A : 03                  	dc.b	1+(3&2)
      40/      1B :                     ; PROBE bitor_vs_add
      41/      1B : 05                  	dc.b	3|2+2
      42/      1C : 05                  	dc.b	(3|2)+2
      43/      1D : 07                  	dc.b	3|(2+2)
      44/      1E :                     ; PROBE bitxor_vs_add
      45/      1E : 03                  	dc.b	3!2+2
      46/      1F : 03                  	dc.b	(3!2)+2
      47/      20 : 07                  	dc.b	3!(2+2)
      48/      21 :                     ; PROBE bitand_vs_mul
      49/      21 : 06                  	dc.b	3&2*3
      50/      22 : 06                  	dc.b	(3&2)*3
      51/      23 : 02                  	dc.b	3&(2*3)
      52/      24 :                     ; PROBE add_vs_bitor
      53/      24 : 08                  	dc.b	1+3|4
      54/      25 : 04                  	dc.b	(1+3)|4
      55/      26 : 08                  	dc.b	1+(3|4)
      56/      27 :                     ; PROBE eq_vs_bitxor
      57/      27 : 01                  	dc.b	3!1=2
      58/      28 : 01                  	dc.b	(3!1)=2
      59/      29 : 03                  	dc.b	3!(1=2)
      60/      2A :                     ; PROBE oror_vs_bitxor_L
 AS V1.42 Beta [Bld 212] - Source File ladder2.asm - Page 2 - 09/05/2026 02:49:10 PM


      61/      2A : 01                  	dc.b	0||8!4
      62/      2B : 05                  	dc.b	(0||8)!4
      63/      2C : 01                  	dc.b	0||(8!4)
      64/      2D :                     ; PROBE eq_vs_lt_R
      65/      2D : 01                  	dc.b	2=1<2
      66/      2E : 01                  	dc.b	(2=1)<2
      67/      2F : 00                  	dc.b	2=(1<2)
      68/      30 :                     ; PROBE andand_vs_gt_R
      69/      30 : 01                  	dc.b	5>1&&0
      70/      31 : 00                  	dc.b	(5>1)&&0
      71/      32 : 01                  	dc.b	5>(1&&0)
      72/      33 :                     ; PROBE andand_vs_le_R
      73/      33 : 01                  	dc.b	0<=1&&0
      74/      34 : 00                  	dc.b	(0<=1)&&0
      75/      35 : 01                  	dc.b	0<=(1&&0)
      76/      36 :                     ; PROBE andand_vs_ge_R
      77/      36 : 01                  	dc.b	0>=1&&0
      78/      37 : 00                  	dc.b	(0>=1)&&0
      79/      38 : 01                  	dc.b	0>=(1&&0)
      80/      39 :                     ; PROBE andand_vs_lt_R2
      81/      39 : 00                  	dc.b	0<1&&0
      82/      3A : 00                  	dc.b	(0<1)&&0
      83/      3B : 00                  	dc.b	0<(1&&0)
      84/      3C :                     ; PROBE andand_assoc
      85/      3C : 00                  	dc.b	1&&0&&1
      86/      3D : 00                  	dc.b	(1&&0)&&1
      87/      3E : 00                  	dc.b	1&&(0&&1)
      88/      3F :                     ; PROBE oror_assoc
      89/      3F : 01                  	dc.b	0||1||0
      90/      40 : 01                  	dc.b	(0||1)||0
      91/      41 : 01                  	dc.b	0||(1||0)
      92/      42 :                     
      93/      42 :                     
 AS V1.42 Beta [Bld 212] - Source File ladder2.asm - Page 3 - 09/05/2026 02:49:10 PM


  Symbol Table (* = unused):
  --------------------------

*ARCHITECTURE :                                      "x86_64-unknown-linux" - |
*BIGENDIAN :                      0 - | *BRANCHEXT :                      0 - |
*CASESENSITIVE :                  1 - | *COMPMODE :                       0 - |
*CONSTPI :        3.141592653589793 - | *CUSTOM :                         0 - |
*DATE :                "09/05/2026" - | *FALSE :                          0 - |
*FULLPMMU :                       1 - | *HAS64 :                          1 - |
*HASDSP :                         0 - | *HASFPU :                         0 - |
*HASPMMU :                        0 - | *INEXTMODE :                      0 - |
*INLWORDMODE :                    0 - | *INMAXMODE :                      0 - |
*INSRCMODE :                      0 - | *INSUPMODE :                      0 - |
*LISTON :                         1 - | *MACEXP :                         7 - |
*MOMCPU :                     68000 - | *MOMCPUNAME :               "68000" - |
*NESTMAX :                      100 - | *PACKING :                        0 - |
*PADDING :                        0 - | *RELAXED :                        0 - |
*TIME :               "02:49:10 PM" - | *TRUE :                           1 - |
*VERSION :                     142F - | *Z80SYNTAX :                      0 - |

     31 symbols
     31 unused symbols

 AS V1.42 Beta [Bld 212] - Source File ladder2.asm - Page 4 - 09/05/2026 02:49:10 PM


  Code Pages:
  ----------

STANDARD (0 changed characters)

1 code page

0.00 seconds assembly time

     93 lines source file
      1 pass
      0 errors
      0 warnings
