 AS V1.42 Beta [Bld 212] - Source File typed.asm - Page 1 - 09/05/2026 02:53:49 PM


       1/       0 :                     	cpu	68000
       2/       0 :                     	padding	off
       3/       0 :                     	org	0
       4/       0 :                     ; typed evaluator surface: the same three shapes inside int(), which routes
       5/       0 :                     ; through AS's typed (int XOR float) expression evaluator rather than the
       6/       0 :                     ; integer folder.
       7/       0 : 00                  	dc.b	int(1&&2=2)
       8/       1 : 09                  	dc.b	int(1+1<<3)
       9/       2 : 00                  	dc.b	int(3!1|2)
      10/       3 : 00                  	dc.b	int(2=2&&1)
      11/       4 : 00                  	dc.b	int(1||2=2)
      12/       5 :                     ; and with a float operand present, which forces the typed domain
      13/       5 : 09                  	dc.b	int(1.0+1<<3)
      14/       6 : 09                  	dc.b	int(6.0/2*3)
      15/       7 :                     
 AS V1.42 Beta [Bld 212] - Source File typed.asm - Page 2 - 09/05/2026 02:53:49 PM


  Symbol Table (* = unused):
  --------------------------

*ARCHITECTURE :                                      "x86_64-unknown-linux" - |
*BIGENDIAN :                      0 - | *BRANCHEXT :                      0 - |
*CASESENSITIVE :                  1 - | *COMPMODE :                       0 - |
*CONSTPI :        3.141592653589793 - | *CUSTOM :                         0 - |
*DATE :                "09/05/2026" - | *FALSE :                          0 - |
*FULLPMMU :                       1 - | *HAS64 :                          1 - |
*HASDSP :                         0 - | *HASFPU :                         0 - |
*HASPMMU :                        0 - | *INEXTMODE :                      0 - |
*INLWORDMODE :                    0 - | *INMAXMODE :                      0 - |
*INSRCMODE :                      0 - | *INSUPMODE :                      0 - |
*LISTON :                         1 - | *MACEXP :                         7 - |
*MOMCPU :                     68000 - | *MOMCPUNAME :               "68000" - |
*NESTMAX :                      100 - | *PACKING :                        0 - |
*PADDING :                        0 - | *RELAXED :                        0 - |
*TIME :               "02:53:49 PM" - | *TRUE :                           1 - |
*VERSION :                     142F - | *Z80SYNTAX :                      0 - |

     31 symbols
     31 unused symbols

 AS V1.42 Beta [Bld 212] - Source File typed.asm - Page 3 - 09/05/2026 02:53:49 PM


  Code Pages:
  ----------

STANDARD (0 changed characters)

1 code page

0.00 seconds assembly time

     15 lines source file
      1 pass
      0 errors
      0 warnings
